// Jest Snapshot v1, https://goo.gl/fbAQLP

exports[`Accordion renders correctly 1`] = `
<View
  ref={null}
  style={
    {
      "flex": 1,
    }
  }
>
  <View
    ref={null}
    style={
      [
        {
          "backgroundColor": "#FFFFFF",
          "borderColor": "#E7F3EB",
          "borderRadius": 10,
          "borderWidth": 1.5,
          "marginTop": 16,
        },
        {
          "marginTop": 0,
        },
      ]
    }
  >
    <TouchableOpacity
      onPress={[Function]}
      ref={null}
      style={
        {
          "alignItems": "center",
          "flexDirection": "row",
          "padding": 16,
        }
      }
    >
      <Ionicons
        name="chevron-up"
        size={22}
        style={
          {
            "color": "#3957D0",
          }
        }
      />
      <RCTText
        style={
          {
            "color": "#0F0F0F",
            "flex": 1,
            "fontSize": 16,
            "marginLeft": 8,
          }
        }
        testID="H3"
      >
        Test title 1
      </RCTText>
    </TouchableOpacity>
  </View>
  <View
    ref={null}
    style={
      [
        {
          "backgroundColor": "#FFFFFF",
          "borderColor": "#E7F3EB",
          "borderRadius": 10,
          "borderWidth": 1.5,
          "marginTop": 16,
        },
        false,
      ]
    }
  >
    <TouchableOpacity
      onPress={[Function]}
      ref={null}
      style={
        {
          "alignItems": "center",
          "flexDirection": "row",
          "padding": 16,
        }
      }
    >
      <Ionicons
        name="chevron-up"
        size={22}
        style={
          {
            "color": "#3957D0",
          }
        }
      />
      <RCTText
        style={
          {
            "color": "#0F0F0F",
            "flex": 1,
            "fontSize": 16,
            "marginLeft": 8,
          }
        }
        testID="H3"
      >
        Test title 2
      </RCTText>
    </TouchableOpacity>
  </View>
</View>
`;
