// Jest Snapshot v1, https://goo.gl/fbAQLP

exports[`EmissionsScreen renders correctly 1`] = `
<TabbedView
  items={
    Array [
      Object {
        "component": <React.Fragment>
          <GuidePreview
            listItems={
              Array [
                Object {
                  "body": "<h3>Section</h3>
<p>Hello world, some markdown here</p>
<p><img src=\\"earth.png\\" alt=\\"Earth\\"></p>
<p>Protect planet Earth, guys!</p>
",
                  "category": "kitchen",
                  "key": ".//dont-throw-away-peels.md",
                  "title": "Don't throw away your peels",
                },
                Object {
                  "body": "<h3>Section</h3>
<p>Hello world, some markdown here</p>
<p><img src=\\"bike.png\\" alt=\\"Bike\\"></p>
",
                  "category": "kitchen",
                  "key": ".//make-your-own-soap.md",
                  "title": "Make your own soap",
                },
                Object {
                  "body": "<h3>Section</h3>
<p><img src=\\"bike.png\\" alt=\\"Bike\\"></p>
<p>Hello world, some markdown here</p>
",
                  "category": "kitchen",
                  "key": ".//make-compost-on-your-balcony.md",
                  "title": "Make a compost on your balcony",
                },
              ]
            }
            onPressItem={[Function]}
            onPressSeeAll={[Function]}
            title="Kitchen"
          />
          <GuidePreview
            listItems={
              Array [
                Object {
                  "body": "<h3>Section</h3>
<p>Hello world, some markdown here</p>
<p><img src=\\"restaurant.png\\" alt=\\"Restaurant\\"></p>
<p><img src=\\"bike.png\\" alt=\\"Bike\\"></p>
",
                  "category": "technology",
                  "key": ".//find-replacement-for-GAFA-services.md",
                  "title": "Find a replacement for GAFA services",
                },
                Object {
                  "body": "<h3>Section</h3>
<p>Hello world, some markdown here</p>
<p><img src=\\"bike.png\\" alt=\\"Bike\\"></p>
<p>Yeah, NFM on Bike!</p>
",
                  "category": "technology",
                  "key": ".//clean-your-mailbox.md",
                  "title": "Clean your mailbox",
                },
                Object {
                  "body": "<h3>Section</h3>
<p>Hello world, some markdown here</p>
<p><img src=\\"bike.png\\" alt=\\"Bike\\">
<img src=\\"earth.png\\" alt=\\"Earth\\">
<img src=\\"restaurant.png\\" alt=\\"Restaurant\\"></p>
",
                  "category": "technology",
                  "key": ".//install-adblocker.md",
                  "title": "Install an Adblocker",
                },
              ]
            }
            onPressItem={[Function]}
            onPressSeeAll={[Function]}
            title="Technology"
          />
        </React.Fragment>,
        "title": "Habits",
      },
      Object {
        "component": <GuidePreview
          listItems={
            Array [
              Object {
                "body": "<h3>Section</h3>
<p>Hello world, some markdown here</p>
<p><img src=\\"earth.png\\" alt=\\"Earth\\"></p>
<p>Protect planet Earth, guys!</p>
",
                "category": "kitchen",
                "key": ".//dont-throw-away-peels.md",
                "title": "Don't throw away your peels",
              },
              Object {
                "body": "<h3>Section</h3>
<p>Hello world, some markdown here</p>
<p><img src=\\"bike.png\\" alt=\\"Bike\\"></p>
",
                "category": "kitchen",
                "key": ".//make-your-own-soap.md",
                "title": "Make your own soap",
              },
              Object {
                "body": "<h3>Section</h3>
<p><img src=\\"bike.png\\" alt=\\"Bike\\"></p>
<p>Hello world, some markdown here</p>
",
                "category": "kitchen",
                "key": ".//make-compost-on-your-balcony.md",
                "title": "Make a compost on your balcony",
              },
            ]
          }
          onPressItem={[Function]}
          onPressSeeAll={[Function]}
          title="Food"
        />,
        "title": "Food",
      },
    ]
  }
/>
`;
