// Jest Snapshot v1, https://goo.gl/fbAQLP

exports[`ActScreen renders correctly 1`] = `
<RCTScrollView
  ListFooterComponent={
    <Text.Tertiary
      center={true}
      lightGray={true}
      style={
        Object {
          "paddingTop": 10,
        }
      }
    >
      More coming soon! Stay tuned ✌️
    </Text.Tertiary>
  }
  data={Array []}
  getItem={[Function]}
  getItemCount={[Function]}
  keyExtractor={[Function]}
  onContentSizeChange={[Function]}
  onLayout={[Function]}
  onMomentumScrollBegin={[Function]}
  onMomentumScrollEnd={[Function]}
  onScroll={[Function]}
  onScrollBeginDrag={[Function]}
  onScrollEndDrag={[Function]}
  removeClippedSubviews={false}
  renderItem={[Function]}
  scrollEventThrottle={50}
  stickyHeaderIndices={Array []}
  style={
    Object {
      "backgroundColor": "#FFFFFF",
      "flex": 1,
      "paddingHorizontal": 16,
    }
  }
  viewabilityConfigCallbackPairs={Array []}
>
  <View>
    <View
      onLayout={[Function]}
    >
      <Text.Tertiary
        center={true}
        lightGray={true}
        style={
          Object {
            "paddingTop": 10,
          }
        }
      >
        More coming soon! Stay tuned ✌️
      </Text.Tertiary>
    </View>
  </View>
</RCTScrollView>
`;
