// Jest Snapshot v1, https://goo.gl/fbAQLP

exports[`InfoModalScreen renders correctly 1`] = `
<ScrollView
  ref={null}
  style={
    {
      "backgroundColor": "#FFFFFF",
      "flex": 1,
      "paddingHorizontal": 16,
    }
  }
>
  <View
    ref={null}
    style={
      {
        "marginVertical": 5,
      }
    }
  >
    <RCTText
      testID="H3"
    >
      How often this emission happens?
    </RCTText>
    <View
      ref={null}
      style={
        {
          "flexDirection": "row",
          "flexWrap": "wrap",
          "marginVertical": 5,
        }
      }
    >
      <ClickableTag
        isSelected={true}
        onPress={[Function]}
        text="Monthly"
      />
      <ClickableTag
        isSelected={false}
        onPress={[Function]}
        text="Weekly"
      />
    </View>
  </View>
  <View
    ref={null}
    style={
      {
        "marginVertical": 5,
      }
    }
  >
    <RCTText
      testID="H3"
    >
      Occurences?
    </RCTText>
    <View
      ref={null}
      style={
        {
          "flexDirection": "row",
          "flexWrap": "wrap",
          "marginVertical": 5,
        }
      }
    >
      <ClickableTag
        isSelected={false}
        onPress={[Function]}
        text="1 time"
      />
      <ClickableTag
        isSelected={false}
        onPress={[Function]}
        text="2 times"
      />
      <ClickableTag
        isSelected={false}
        onPress={[Function]}
        text="3 times"
      />
    </View>
  </View>
</ScrollView>
`;
