// Jest Snapshot v1, https://goo.gl/fbAQLP

exports[`Chart renders correctly 1`] = `
<View
  style={
    Object {
      "flex": 1,
    }
  }
>
  <Svg
    height={375}
    width={686}
  >
    <G
      x={343}
      y={187.5}
    >
      <G>
        <Path
          d="M 0 -75 A 75 75 0 1 1 -0.471236 -74.99852 L -0.471236 -74.99852 A 75 75 0 1 0 0 -75 Z "
          stroke="#4BB37720"
          strokeWidth={16}
        />
        <Path
          d="M 0 -112.5 A 112.5 112.5 0 1 1 -0.706854 -112.497779 L -0.706854 -112.497779 A 112.5 112.5 0 1 0 0 -112.5 Z "
          stroke="#F3AE4520"
          strokeWidth={16}
        />
        <Path
          d="M 0 -150 A 150 150 0 1 1 -0.942472 -149.997039 L -0.942472 -149.997039 A 150 150 0 1 0 0 -150 Z "
          stroke="#EB927620"
          strokeWidth={16}
        />
      </G>
      <G>
        <Path
          d="M 0 -75 A 75 75 0 1 1 0 -75 L 0 -75 A 75 75 0 1 0 0 -75 Z "
          stroke="#4BB377"
          strokeLinecap="round"
          strokeLinejoin="round"
          strokeWidth={16}
        />
        <Path
          d="M 0 -112.5 A 112.5 112.5 0 1 1 -0 -112.5 L -0 -112.5 A 112.5 112.5 0 1 0 0 -112.5 Z "
          stroke="#F3AE45"
          strokeLinecap="round"
          strokeLinejoin="round"
          strokeWidth={16}
        />
        <Path
          d="M 0 -150 A 150 150 0 1 1 -0 -150 L -0 -150 A 150 150 0 1 0 0 -150 Z "
          stroke="#EB9276"
          strokeLinecap="round"
          strokeLinejoin="round"
          strokeWidth={16}
        />
      </G>
    </G>
  </Svg>
</View>
`;
