// Jest Snapshot v1, https://goo.gl/fbAQLP

exports[`ProgressChart renders correctly 1`] = `
<View
  style={
    Object {
      "backgroundColor": "#FFFFFF",
      "borderRadius": 14,
      "elevation": 4,
      "flex": 1,
      "marginHorizontal": 0,
      "marginVertical": 24,
      "paddingBottom": 14,
      "paddingHorizontal": 14,
      "paddingTop": 10,
      "shadowColor": "#000",
      "shadowOffset": Object {
        "height": 2,
        "width": 0,
      },
      "shadowOpacity": 0.23,
      "shadowRadius": 2.62,
    }
  }
>
  <View
    style={
      Object {
        "alignItems": "center",
        "flex": 1,
        "marginVertical": 4,
      }
    }
  >
    <Text.H3
      style={
        Object {
          "textTransform": "capitalize",
        }
      }
    >
      2020
    </Text.H3>
  </View>
  <Chart
    foodEmissionsPercentage={0.016666666666666666}
    totalEmissionsPercentage={0.075}
    transportEmissionsPercentage={0.05}
  />
  <Legend
    foodEmissions={200}
    otherEmissions={100}
    totalEmissions={900}
    transportEmissions={600}
  />
  <PeriodBudget
    period="2020"
    periodEmissionsBudget={12000}
  />
</View>
`;
