// Jest Snapshot v1, https://goo.gl/fbAQLP

exports[`EmissionsScreen renders correctly 1`] = `
<ScrollView
  ref={null}
  style={
    {
      "backgroundColor": "#FFFFFF",
      "flex": 1,
      "paddingHorizontal": 16,
      "paddingTop": 22,
    }
  }
>
  <RCTText>
    Type
  </RCTText>
  <RCTText
    darkGray={true}
    style={
      {
        "alignItems": "flex-start",
        "paddingBottom": 24,
        "paddingTop": 2,
      }
    }
  >
     - 
    Custom
  </RCTText>
  <RCTText>
    Quantity
  </RCTText>
  <RCTText
    darkGray={true}
    style={
      {
        "alignItems": "flex-start",
        "paddingBottom": 24,
        "paddingTop": 2,
      }
    }
  >
    <FormattedNumber
      maximumFractionDigits={2}
      value={NaN}
    />
     
    tC02eq
  </RCTText>
  <RCTText>
    Mitigation
  </RCTText>
  <RCTText
    darkGray={true}
    style={
      {
        "paddingTop": 2,
      }
    }
  >
    This emission hasn't been mitigated
  </RCTText>
  <View
    ref={null}
    style={
      {
        "alignItems": "flex-start",
        "paddingBottom": 24,
        "paddingTop": 2,
      }
    }
  >
    <Switch
      onValueChange={[Function]}
      ref={null}
    />
  </View>
  <RCTText>
    Date
  </RCTText>
  <View
    ref={null}
    style={
      {
        "flexDirection": "row",
      }
    }
  >
    <RCTText
      darkGray={true}
      style={
        [
          {
            "alignItems": "flex-start",
            "paddingBottom": 24,
            "paddingTop": 2,
          },
          {
            "textTransform": "capitalize",
          },
        ]
      }
    >
      Sunday 
    </RCTText>
    <RCTText
      darkGray={true}
      style={
        {
          "alignItems": "flex-start",
          "paddingBottom": 24,
          "paddingTop": 2,
        }
      }
    >
      21st February 2021
    </RCTText>
  </View>
  <Button.Danger
    fullWidth={true}
    icon="trash"
    onPress={[Function]}
    text="Delete"
  />
</ScrollView>
`;
