// Jest Snapshot v1, https://goo.gl/fbAQLP

exports[`renders correctly TabbedView 1`] = `
<View>
  <Text.H3
    style={
      Object {
        "paddingBottom": 15,
        "paddingTop": 15,
        "textAlign": "center",
      }
    }
  >
    Foo
  </Text.H3>
  <RCTScrollView
    data={Array []}
    disableVirtualization={false}
    getItem={[Function]}
    getItemCount={[Function]}
    horizontal={false}
    initialNumToRender={10}
    keyExtractor={[Function]}
    maxToRenderPerBatch={10}
    numColumns={1}
    onContentSizeChange={[Function]}
    onEndReachedThreshold={2}
    onLayout={[Function]}
    onMomentumScrollEnd={[Function]}
    onScroll={[Function]}
    onScrollBeginDrag={[Function]}
    onScrollEndDrag={[Function]}
    removeClippedSubviews={false}
    renderItem={[Function]}
    scrollEventThrottle={50}
    stickyHeaderIndices={Array []}
    style={
      Object {
        "borderTopColor": "#CED4DA",
        "borderTopWidth": 1,
      }
    }
    updateCellsBatchingPeriod={50}
    viewabilityConfigCallbackPairs={Array []}
    windowSize={21}
  >
    <View />
  </RCTScrollView>
  <Button.Primary
    onPress={[Function]}
    style={
      Object {
        "alignSelf": "center",
        "marginTop": 20,
      }
    }
    textType="Primary"
  >
    <Text.Primary
      bold={true}
      style={
        Object {
          "textAlign": "center",
        }
      }
      white={true}
    >
      See All
    </Text.Primary>
  </Button.Primary>
</View>
`;
