// Jest Snapshot v1, https://goo.gl/fbAQLP

exports[`ComingSoonScreen renders correctly 1`] = `
<ScrollView
  contentInsetAdjustmentBehavior="automatic"
  ref={null}
  style={
    {
      "backgroundColor": "#FFFFFF",
      "flex": 1,
      "paddingHorizontal": 16,
    }
  }
>
  <StickersImage
    sticker="bike"
  />
  <View
    ref={null}
    style={
      {
        "alignItems": "center",
        "flex": 1,
        "marginTop": 22,
      }
    }
  >
    <RCTText
      style={
        {
          "paddingVertical": 10,
          "textAlign": "center",
        }
      }
      testID="Primary"
    >
      This feature is under development and will be available soon.
    </RCTText>
    <RCTText
      style={
        {
          "paddingVertical": 10,
          "textAlign": "center",
        }
      }
      testID="Primary"
    >
      In the mean time, follow us on social media!
    </RCTText>
  </View>
  <SocialMedia />
</ScrollView>
`;
