// Jest Snapshot v1, https://goo.gl/fbAQLP

exports[`PeriodBudget renders correctly 1`] = `
<View
  ref={null}
  style={
    {
      "flex": 1,
      "paddingBottom": 16,
      "paddingTop": 12,
    }
  }
>
  <RCTText
    bold={true}
    center={true}
  >
    Budget for 
    this month
     : 
    <RCTText
      center={true}
      lightGray={true}
    >
      <FormattedNumber
        maximumFractionDigits={0}
        value={760}
      />
       
      kg
    </RCTText>
  </RCTText>
</View>
`;

exports[`PeriodBudget renders correctly if tons 1`] = `
<View
  ref={null}
  style={
    {
      "flex": 1,
      "paddingBottom": 16,
      "paddingTop": 12,
    }
  }
>
  <RCTText
    bold={true}
    center={true}
  >
    Budget for 
    this month
     : 
    <RCTText
      center={true}
      lightGray={true}
    >
      <FormattedNumber
        maximumFractionDigits={0}
        value={760}
      />
       
      kg
    </RCTText>
  </RCTText>
</View>
`;
