// Jest Snapshot v1, https://goo.gl/fbAQLP

exports[`NumberOfDaysVegetarian renders correctly 1`] = `
<View
  style={
    Object {
      "alignItems": "center",
      "flex": 1,
      "marginBottom": 20,
      "marginTop": 26,
    }
  }
>
  <Text.H3
    center={true}
  >
    Seems like you haven't eaten any meat nor fish since using the app, good job! 🍾
  </Text.H3>
</View>
`;
