// Jest Snapshot v1, https://goo.gl/fbAQLP

exports[`EmissionsScreen renders correctly 1`] = `
Array [
  <RCTSafeAreaView
    emulateUnlessSupported={true}
    style={
      Object {
        "backgroundColor": "#FFFFFF",
        "flex": 1,
      }
    }
  >
    <EmissionsList
      emissions={[MockFunction]}
      monthlyCarbonBudget={[MockFunction]}
    />
  </RCTSafeAreaView>,
  <View
    style={
      Object {
        "bottom": 14,
        "flexDirection": "row",
        "left": 14,
        "position": "absolute",
        "right": 14,
      }
    }
  >
    <Button.Primary
      fullWidth={true}
      onPress={[Function]}
      textType="Secondary"
    >
      <Text.Secondary
        bold={true}
        center={true}
        numberOfLines={1}
        white={true}
      >
        Add emission
      </Text.Secondary>
    </Button.Primary>
  </View>,
]
`;
