// Jest Snapshot v1, https://goo.gl/fbAQLP

exports[`EmissionsScreen renders correctly 1`] = `
Array [
  <RCTSafeAreaView
    emulateUnlessSupported={true}
    style={
      Object {
        "flex": 1,
      }
    }
  >
    <EmissionsList
      emissions={[MockFunction]}
      monthlyCarbonBudget={[MockFunction]}
      navigator={
        Object {
          "goBack": undefined,
          "openAbout": [Function],
          "openAddEmission": [Function],
          "openBudgetStack": [Function],
          "openComingSoon": [Function],
          "openDetails": [Function],
          "openEmissionItem": [Function],
          "openMontlyBudget": [Function],
          "openStorybook": [Function],
          "openSupportUs": [Function],
        }
      }
    />
  </RCTSafeAreaView>,
  <AddEmissionAndMitigateButtons
    navigation={
      Object {
        "navigate": [Function],
        "push": [Function],
      }
    }
  />,
]
`;
