// Jest Snapshot v1, https://goo.gl/fbAQLP

exports[`MonthSelector renders correctly 1`] = `
<View
  style={
    Object {
      "flex": 1,
      "flexDirection": "row",
      "paddingHorizontal": 14,
      "paddingVertical": 20,
    }
  }
>
  <TouchableOpacity
    onPress={[Function]}
    style={
      Object {
        "flex": 1,
        "justifyContent": "center",
      }
    }
  >
    <Text />
  </TouchableOpacity>
  <View
    style={
      Object {
        "alignItems": "center",
        "flex": 4,
        "justifyContent": "center",
      }
    }
  >
    <Text.H3>
      Month
    </Text.H3>
  </View>
  <TouchableOpacity
    onPress={[Function]}
    style={
      Object {
        "alignItems": "flex-end",
        "flex": 1,
        "justifyContent": "center",
      }
    }
  >
    <Text />
  </TouchableOpacity>
</View>
`;
