// Jest Snapshot v1, https://goo.gl/fbAQLP

exports[`MyLocationScreen renders correctly 1`] = `
<View
  ref={null}
  style={
    {
      "backgroundColor": "#FFFFFF",
      "flex": 1,
      "paddingHorizontal": 16,
    }
  }
>
  <RCTText
    style={
      {
        "paddingTop": 30,
      }
    }
  >
    Please select a country in order to improve emissions calculations for streaming and electricity.
  </RCTText>
  <View
    ref={null}
    style={
      {
        "flexDirection": "row",
      }
    }
  >
    <RCTText
      style={
        {
          "paddingVertical": 20,
        }
      }
    >
      My carbon intensity : 
    </RCTText>
    <RCTText
      bold={true}
      green={true}
      style={
        {
          "paddingVertical": 20,
        }
      }
    >
      NaN
    </RCTText>
    <RCTText
      bold={true}
      green={true}
      style={
        {
          "paddingVertical": 20,
        }
      }
    >
       gCO₂eq/kWh
    </RCTText>
  </View>
  <ScrollView
    ref={null}
    style={
      {
        "borderTopColor": "#E7F3EB",
        "borderTopWidth": 2,
      }
    }
  >
    <SelectableListItem
      onPress={[Function]}
      selected={false}
      title="EUROPE"
    />
    <SelectableListItem
      onPress={[Function]}
      selected={false}
      title="USA"
    />
    <SelectableListItem
      onPress={[Function]}
      selected={false}
      title="CHINA"
    />
    <SelectableListItem
      onPress={[Function]}
      selected={false}
      title="WORLD"
    />
    <SelectableListItem
      onPress={[Function]}
      selected={false}
      title="FRANCE"
    />
    <SelectableListItem
      onPress={[Function]}
      selected={false}
      title="UK"
    />
    <SelectableListItem
      onPress={[Function]}
      selected={false}
      title="IRELAND"
    />
    <SelectableListItem
      onPress={[Function]}
      selected={false}
      title="SPAIN"
    />
    <SelectableListItem
      onPress={[Function]}
      selected={false}
      title="PORTUGAL"
    />
    <SelectableListItem
      onPress={[Function]}
      selected={false}
      title="NETHERLANDS"
    />
    <SelectableListItem
      onPress={[Function]}
      selected={false}
      title="BELGIUM"
    />
    <SelectableListItem
      onPress={[Function]}
      selected={false}
      title="DENMARK"
    />
    <SelectableListItem
      onPress={[Function]}
      selected={false}
      title="GERMANY"
    />
    <SelectableListItem
      onPress={[Function]}
      selected={false}
      title="POLAND"
    />
    <SelectableListItem
      onPress={[Function]}
      selected={false}
      title="ITALY"
    />
    <SelectableListItem
      onPress={[Function]}
      selected={false}
      title="TURKEY"
    />
    <SelectableListItem
      onPress={[Function]}
      selected={false}
      title="FINLAND"
    />
    <SelectableListItem
      onPress={[Function]}
      selected={false}
      title="NORWAY"
    />
    <SelectableListItem
      onPress={[Function]}
      selected={false}
      title="CZECHIA"
    />
    <SelectableListItem
      onPress={[Function]}
      selected={false}
      title="AUSTRIA"
    />
    <SelectableListItem
      onPress={[Function]}
      selected={false}
      title="SERBIA"
    />
    <SelectableListItem
      onPress={[Function]}
      selected={false}
      title="SLOVENIA"
    />
    <SelectableListItem
      onPress={[Function]}
      selected={false}
      title="HUNGARY"
    />
    <SelectableListItem
      onPress={[Function]}
      selected={false}
      title="SLOVAKIA"
    />
    <SelectableListItem
      onPress={[Function]}
      selected={false}
      title="UKRAINE"
    />
    <SelectableListItem
      onPress={[Function]}
      selected={false}
      title="ROMANIA"
    />
    <SelectableListItem
      onPress={[Function]}
      selected={false}
      title="MOLDAVA"
    />
    <SelectableListItem
      onPress={[Function]}
      selected={false}
      title="ESTONIA"
    />
    <SelectableListItem
      onPress={[Function]}
      selected={false}
      title="LATVIA"
    />
    <SelectableListItem
      onPress={[Function]}
      selected={false}
      title="LITHUANIA"
    />
    <SelectableListItem
      onPress={[Function]}
      selected={false}
      title="PERU"
    />
    <SelectableListItem
      onPress={[Function]}
      selected={false}
      title="BOLIVIA"
    />
    <SelectableListItem
      onPress={[Function]}
      selected={false}
      title="ARGENTINA"
    />
    <SelectableListItem
      onPress={[Function]}
      selected={false}
      title="URUGUAY"
    />
    <SelectableListItem
      onPress={[Function]}
      selected={false}
      title="BRAZIL"
    />
    <SelectableListItem
      onPress={[Function]}
      selected={false}
      title="AUSTRALIA"
    />
    <SelectableListItem
      onPress={[Function]}
      selected={false}
      title="RUSSIA"
    />
    <SelectableListItem
      onPress={[Function]}
      selected={false}
      title="INDIA"
    />
    <SelectableListItem
      onPress={[Function]}
      selected={false}
      title="NIGERIA"
    />
    <SelectableListItem
      onPress={[Function]}
      selected={false}
      title="CANADA"
    />
    <SelectableListItem
      onPress={[Function]}
      selected={false}
      title="ICELAND"
    />
    <SelectableListItem
      onPress={[Function]}
      selected={false}
      title="ISRAEL"
    />
  </ScrollView>
</View>
`;
