// Jest Snapshot v1, https://goo.gl/fbAQLP

exports[`LanguageScreen renders correctly 1`] = `
<View
  ref={null}
  style={
    {
      "backgroundColor": "#FFFFFF",
      "flex": 1,
      "paddingHorizontal": 16,
    }
  }
>
  <ScrollView
    contentContainerStyle={
      {
        "paddingBottom": 0,
      }
    }
    contentInsetAdjustmentBehavior="automatic"
    ref={null}
  >
    <SelectableListItem
      onPress={[Function]}
      selected={true}
      title="English"
    />
    <SelectableListItem
      onPress={[Function]}
      selected={false}
      title="Français"
    />
    <SelectableListItem
      onPress={[Function]}
      selected={false}
      title="Deutsche"
    />
    <SelectableListItem
      onPress={[Function]}
      selected={false}
      title="Čeština"
    />
    <SelectableListItem
      onPress={[Function]}
      selected={false}
      title="Svenska"
    />
    <SelectableListItem
      onPress={[Function]}
      selected={false}
      title="Pусский"
    />
    <SelectableListItem
      onPress={[Function]}
      selected={false}
      title="Português"
    />
    <SelectableListItem
      onPress={[Function]}
      selected={false}
      title="Polski"
    />
    <SelectableListItem
      onPress={[Function]}
      selected={false}
      title="Dansk"
    />
    <SelectableListItem
      onPress={[Function]}
      selected={false}
      title="中文（简体）"
    />
    <SelectableListItem
      onPress={[Function]}
      selected={false}
      title="Bahasa Melayu"
    />
    <SelectableListItem
      onPress={[Function]}
      selected={false}
      title="Español"
    />
    <SelectableListItem
      onPress={[Function]}
      selected={false}
      title="Italiano"
    />
    <SelectableListItem
      onPress={[Function]}
      selected={false}
      title="عربي"
    />
  </ScrollView>
</View>
`;
