// Jest Snapshot v1, https://goo.gl/fbAQLP

exports[`SupportUsScreen renders correctly 1`] = `
<ScrollView
  ref={null}
  style={
    {
      "backgroundColor": "#FFFFFF",
      "flex": 1,
      "paddingHorizontal": 16,
    }
  }
>
  <StickersImage
    sticker="restaurant"
  />
  <RCTText
    style={
      {
        "paddingBottom": 4,
        "paddingTop": 14,
      }
    }
    testID="H2"
  >
    Why you should consider supporting us
  </RCTText>
  <RCTText
    style={
      {
        "paddingVertical": 10,
      }
    }
    testID="Primary"
  >
    NMF.earth is not for profit, we have only raised a small amount on Kickstarter and we keep working a lot on the project even if it's not financially sustainable. Besides that, we have many costs such as servers, domain name, softwares licences, apple developer account etc.
  </RCTText>
  <RCTText
    style={
      {
        "paddingVertical": 10,
      }
    }
    testID="Primary"
  >
    If you like this project, please consider donating a small amount to help us keep going!
  </RCTText>
  <RCTText
    style={
      {
        "paddingVertical": 10,
      }
    }
    testID="Primary"
  >
    You can do so on Ko-fi.
  </RCTText>
  <RCTText
    style={
      {
        "paddingVertical": 10,
      }
    }
    testID="Link"
    url="https://ko-fi.com/pierrebresson"
  >
    Pierre Bresson - Ko-fi
  </RCTText>
  <View
    ref={null}
    style={
      {
        "height": 30,
      }
    }
  />
</ScrollView>
`;
