// Jest Snapshot v1, https://goo.gl/fbAQLP

exports[`SubCategorySelectionScreen renders correctly 1`] = `
<ScrollView
  ref={null}
  style={
    {
      "backgroundColor": "#FFFFFF",
      "flex": 1,
      "paddingHorizontal": 16,
    }
  }
>
  <RCTText
    style={
      {
        "paddingBottom": 16,
        "paddingTop": 20,
      }
    }
    testID="H2"
  >
    Select a sub-category
  </RCTText>
  <Tag
    onPress={[Function]}
    text="Coat"
  />
  <Tag
    onPress={[Function]}
    text="Dress"
  />
  <Tag
    onPress={[Function]}
    text="Jeans"
  />
  <Tag
    onPress={[Function]}
    text="Shirt"
  />
  <Tag
    onPress={[Function]}
    text="Shoes"
  />
  <Tag
    onPress={[Function]}
    text="Sweater"
  />
  <Tag
    onPress={[Function]}
    text="T-Shirt"
  />
</ScrollView>
`;
