// Jest Snapshot v1, https://goo.gl/fbAQLP

exports[`renders correctly TextInput 1`] = `
<View
  ref={null}
  style={
    {
      "marginHorizontal": 16,
      "marginTop": 12,
    }
  }
>
  <TouchableOpacity
    activeOpacity={1}
    onPress={[Function]}
    ref={null}
    style={
      {
        "flexDirection": "row",
        "marginBottom": 14,
      }
    }
  >
    <RCTText
      green={false}
    >
      title
    </RCTText>
  </TouchableOpacity>
  <TextInput
    onChangeText={[Function]}
    placeholder="placeholder"
    ref={null}
    style={
      {
        "borderColor": "#F9F9F9",
        "borderRadius": 20,
        "borderWidth": 2,
        "height": 40,
        "marginBottom": 8,
        "paddingHorizontal": 16,
      }
    }
    value="value"
  />
</View>
`;

exports[`renders correctly TextInput if optional 1`] = `
<View
  ref={null}
  style={
    {
      "marginHorizontal": 16,
      "marginTop": 12,
    }
  }
>
  <TouchableOpacity
    activeOpacity={1}
    onPress={[Function]}
    ref={null}
    style={
      {
        "flexDirection": "row",
        "marginBottom": 14,
      }
    }
  >
    <RCTText
      green={false}
    >
      title
    </RCTText>
  </TouchableOpacity>
  <TextInput
    onChangeText={[Function]}
    placeholder="placeholder"
    ref={null}
    style={
      {
        "borderColor": "#F9F9F9",
        "borderRadius": 20,
        "borderWidth": 2,
        "height": 40,
        "marginBottom": 8,
        "paddingHorizontal": 16,
      }
    }
    value="value"
  />
</View>
`;
