// Jest Snapshot v1, https://goo.gl/fbAQLP

exports[`AddEmissionAndMitigateButtons renders correctly 1`] = `
<View
  style={
    Object {
      "bottom": 0,
      "flexDirection": "row",
      "left": 0,
      "position": "absolute",
      "right": 0,
    }
  }
>
  <Button.Secondary
    onPress={[Function]}
    style={
      Object {
        "flex": 1,
        "marginBottom": 20,
        "marginLeft": 14,
        "marginRight": 7,
      }
    }
    textType="Secondary"
  >
    <Text.Secondary
      bold={true}
      center={true}
      green={true}
    >
      Mitigate
    </Text.Secondary>
  </Button.Secondary>
  <Button.Primary
    onPress={[Function]}
    style={
      Object {
        "flex": 1,
        "marginBottom": 20,
        "marginLeft": 7,
        "marginRight": 14,
      }
    }
    textType="Secondary"
  >
    <Text.Secondary
      bold={true}
      center={true}
      white={true}
    >
      Add
    </Text.Secondary>
  </Button.Primary>
</View>
`;
