// Jest Snapshot v1, https://goo.gl/fbAQLP

exports[`AboutScreen renders correctly 1`] = `
<RCTScrollView
  style={
    Object {
      "backgroundColor": "#FFFFFF",
      "flex": 1,
      "paddingTop": 15,
    }
  }
>
  <View>
    <Text.Primary>
      a propros
    </Text.Primary>
  </View>
</RCTScrollView>
`;
