// Jest Snapshot v1, https://goo.gl/fbAQLP

exports[`AboutScreen renders correctly 1`] = `
<ScrollView
  ref={null}
  style={
    {
      "backgroundColor": "#FFFFFF",
      "flex": 1,
      "paddingHorizontal": 16,
    }
  }
>
  <StickersImage
    sticker="earth"
  />
  <RCTText
    style={
      {
        "paddingVertical": 26,
      }
    }
  >
    We are a small team concerned by the human impact on the planet. We are not a startup driven by growth or profit to pay dividends to investors. We are transparent and you can have a look to our figures on Indie Hackers. You can join our team if you wanna help the project. Or simply talk around you about our project, give us 5 stars on the store et send us your feedback on the app will help us a lot. Thanks you ✌️
  </RCTText>
  <RCTText
    style={
      {
        "paddingVertical": 26,
      }
    }
  >
    We care about you
  </RCTText>
  <RCTText
    style={
      {
        "paddingVertical": 12,
      }
    }
  >
    Privacy by design
  </RCTText>
  <RCTText>
    All data provided in the app will never be sold or shared to any companies and we don't track what you do in the app 
  </RCTText>
  <RCTText
    style={
      {
        "paddingVertical": 12,
      }
    }
  >
    Ethic by design
  </RCTText>
  <RCTText>
    We don't exploit psychological vulnerabilities like bottomless feeds or auto-play to keep users from leaving 
  </RCTText>
  <RCTText
    style={
      {
        "paddingVertical": 12,
      }
    }
  >
    100% Open source
  </RCTText>
  <RCTText>
    Everyone will be able to add content to the app, verify emissions models and fix any incorrect information
  </RCTText>
  <RCTText
    style={
      {
        "paddingVertical": 26,
      }
    }
  >
    Libraries & contributors
  </RCTText>
  <View
    ref={null}
    style={
      {
        "flexDirection": "row",
      }
    }
  >
    <RCTText>
      Can be found on 
    </RCTText>
    <RCTText
      url="https://github.com/NMF-earth/nmf-app"
    >
      Github
    </RCTText>
  </View>
  <View
    ref={null}
    style={
      {
        "height": 30,
      }
    }
  />
</ScrollView>
`;
