// Jest Snapshot v1, https://goo.gl/fbAQLP

exports[`renders correctly NoEmission 1`] = `
<ScrollView
  ref={null}
  style={
    {
      "backgroundColor": "#FFFFFF",
      "flex": 1,
      "paddingHorizontal": 16,
    }
  }
>
  <StickersImage
    sticker="earth"
  />
  <View
    ref={null}
    style={
      {
        "alignItems": "center",
        "flex": 1,
      }
    }
  >
    <RCTText
      style={
        {
          "paddingVertical": 14,
        }
      }
    >
      Hi there 👋
    </RCTText>
    <RCTText
      style={
        {
          "paddingVertical": 4,
          "textAlign": "center",
        }
      }
    >
      Thanks for joining our fight against climate change!
    </RCTText>
    <RCTText
      style={
        {
          "paddingVertical": 4,
          "textAlign": "center",
        }
      }
    >
      To start tracking your CO2 emissions, tap the button below
    </RCTText>
    <Button.Primary
      fullWidth={true}
      icon="add"
      onPress={[Function]}
      style={
        {
          "marginVertical": 20,
        }
      }
      text="Add my first emission"
    />
  </View>
</ScrollView>
`;
