// Jest Snapshot v1, https://goo.gl/fbAQLP

exports[`EmissionsListItem renders correctly if mitigated 1`] = `
<FormattedProvider
  locale="en"
>
  <TouchableOpacity
    onPress={[Function]}
    style={
      Object {
        "alignItems": "center",
        "flex": 1,
        "flexDirection": "row",
        "justifyContent": "space-between",
        "marginVertical": 6,
      }
    }
  >
    <View
      style={
        Object {
          "alignItems": "center",
          "justifyContent": "center",
          "marginLeft": 7,
          "marginRight": 7,
          "position": "absolute",
        }
      }
    >
      <View
        style={
          Object {
            "backgroundColor": "#DCF0E5",
            "borderRadius": 17,
            "height": 34,
            "position": "absolute",
            "width": 34,
          }
        }
      />
      <Ionicons
        color="#4BB377"
        name="md-restaurant"
        size={22}
        style={
          Object {
            "marginHorizontal": 14,
          }
        }
      />
    </View>
    <View
      style={
        Object {
          "flex": 1,
          "marginLeft": 62,
        }
      }
    >
      <Text.Primary
        numberOfLines={1}
      >
        170 g of red meat
      </Text.Primary>
      <View
        style={
          Object {
            "flexDirection": "row",
            "marginVertical": 2,
          }
        }
      >
        <Text.Tertiary
          lightGray={true}
          numberOfLines={1}
        >
          <FormattedNumber
            maximumFractionDigits={2}
            value={2.1}
          />
           
          kgCO2
        </Text.Tertiary>
        <Text.Tertiary
          lightGray={true}
        >
           • 
        </Text.Tertiary>
        <Text.Tertiary
          green={true}
        >
          Offset
        </Text.Tertiary>
      </View>
    </View>
    <Ionicons
      color="#111714"
      name="ios-chevron-forward-outline"
      size={18}
      style={
        Object {
          "marginHorizontal": 14,
        }
      }
    />
  </TouchableOpacity>
</FormattedProvider>
`;

exports[`EmissionsListItem renders correctly with audio icon 1`] = `
<FormattedProvider
  locale="en"
>
  <TouchableOpacity
    onPress={[Function]}
    style={
      Object {
        "alignItems": "center",
        "flex": 1,
        "flexDirection": "row",
        "justifyContent": "space-between",
        "marginVertical": 6,
      }
    }
  >
    <View
      style={
        Object {
          "alignItems": "center",
          "justifyContent": "center",
          "marginLeft": 7,
          "marginRight": 7,
          "position": "absolute",
        }
      }
    >
      <View
        style={
          Object {
            "backgroundColor": "#CED4DA60",
            "borderRadius": 17,
            "height": 34,
            "position": "absolute",
            "width": 34,
          }
        }
      />
      <Ionicons
        color="#595D58"
        name="md-musical-note"
        size={22}
        style={
          Object {
            "marginHorizontal": 14,
          }
        }
      />
    </View>
    <View
      style={
        Object {
          "flex": 1,
          "marginLeft": 62,
        }
      }
    >
      <Text.Primary
        numberOfLines={1}
      >
        170 g of red meat
      </Text.Primary>
      <View
        style={
          Object {
            "flexDirection": "row",
            "marginVertical": 2,
          }
        }
      >
        <Text.Tertiary
          lightGray={true}
          numberOfLines={1}
        >
          <FormattedNumber
            maximumFractionDigits={2}
            value={2.1}
          />
           
          kgCO2
        </Text.Tertiary>
      </View>
    </View>
    <Ionicons
      color="#111714"
      name="ios-chevron-forward-outline"
      size={18}
      style={
        Object {
          "marginHorizontal": 14,
        }
      }
    />
  </TouchableOpacity>
</FormattedProvider>
`;

exports[`EmissionsListItem renders correctly with boat icon 1`] = `
<FormattedProvider
  locale="en"
>
  <TouchableOpacity
    onPress={[Function]}
    style={
      Object {
        "alignItems": "center",
        "flex": 1,
        "flexDirection": "row",
        "justifyContent": "space-between",
        "marginVertical": 6,
      }
    }
  >
    <View
      style={
        Object {
          "alignItems": "center",
          "justifyContent": "center",
          "marginLeft": 7,
          "marginRight": 7,
          "position": "absolute",
        }
      }
    >
      <View
        style={
          Object {
            "backgroundColor": "#CED4DA60",
            "borderRadius": 17,
            "height": 34,
            "position": "absolute",
            "width": 34,
          }
        }
      />
      <Ionicons
        color="#595D58"
        name="md-boat"
        size={22}
        style={
          Object {
            "marginHorizontal": 14,
          }
        }
      />
    </View>
    <View
      style={
        Object {
          "flex": 1,
          "marginLeft": 62,
        }
      }
    >
      <Text.Primary
        numberOfLines={1}
      >
        170 g of red meat
      </Text.Primary>
      <View
        style={
          Object {
            "flexDirection": "row",
            "marginVertical": 2,
          }
        }
      >
        <Text.Tertiary
          lightGray={true}
          numberOfLines={1}
        >
          <FormattedNumber
            maximumFractionDigits={2}
            value={2.1}
          />
           
          kgCO2
        </Text.Tertiary>
      </View>
    </View>
    <Ionicons
      color="#111714"
      name="ios-chevron-forward-outline"
      size={18}
      style={
        Object {
          "marginHorizontal": 14,
        }
      }
    />
  </TouchableOpacity>
</FormattedProvider>
`;

exports[`EmissionsListItem renders correctly with bus icon 1`] = `
<FormattedProvider
  locale="en"
>
  <TouchableOpacity
    onPress={[Function]}
    style={
      Object {
        "alignItems": "center",
        "flex": 1,
        "flexDirection": "row",
        "justifyContent": "space-between",
        "marginVertical": 6,
      }
    }
  >
    <View
      style={
        Object {
          "alignItems": "center",
          "justifyContent": "center",
          "marginLeft": 7,
          "marginRight": 7,
          "position": "absolute",
        }
      }
    >
      <View
        style={
          Object {
            "backgroundColor": "#CED4DA60",
            "borderRadius": 17,
            "height": 34,
            "position": "absolute",
            "width": 34,
          }
        }
      />
      <Ionicons
        color="#595D58"
        name="md-bus"
        size={22}
        style={
          Object {
            "marginHorizontal": 14,
          }
        }
      />
    </View>
    <View
      style={
        Object {
          "flex": 1,
          "marginLeft": 62,
        }
      }
    >
      <Text.Primary
        numberOfLines={1}
      >
        170 g of red meat
      </Text.Primary>
      <View
        style={
          Object {
            "flexDirection": "row",
            "marginVertical": 2,
          }
        }
      >
        <Text.Tertiary
          lightGray={true}
          numberOfLines={1}
        >
          <FormattedNumber
            maximumFractionDigits={2}
            value={2.1}
          />
           
          kgCO2
        </Text.Tertiary>
      </View>
    </View>
    <Ionicons
      color="#111714"
      name="ios-chevron-forward-outline"
      size={18}
      style={
        Object {
          "marginHorizontal": 14,
        }
      }
    />
  </TouchableOpacity>
</FormattedProvider>
`;

exports[`EmissionsListItem renders correctly with car icon 1`] = `
<FormattedProvider
  locale="en"
>
  <TouchableOpacity
    onPress={[Function]}
    style={
      Object {
        "alignItems": "center",
        "flex": 1,
        "flexDirection": "row",
        "justifyContent": "space-between",
        "marginVertical": 6,
      }
    }
  >
    <View
      style={
        Object {
          "alignItems": "center",
          "justifyContent": "center",
          "marginLeft": 7,
          "marginRight": 7,
          "position": "absolute",
        }
      }
    >
      <View
        style={
          Object {
            "backgroundColor": "#CED4DA60",
            "borderRadius": 17,
            "height": 34,
            "position": "absolute",
            "width": 34,
          }
        }
      />
      <Ionicons
        color="#595D58"
        name="md-car"
        size={22}
        style={
          Object {
            "marginHorizontal": 14,
          }
        }
      />
    </View>
    <View
      style={
        Object {
          "flex": 1,
          "marginLeft": 62,
        }
      }
    >
      <Text.Primary
        numberOfLines={1}
      >
        170 g of red meat
      </Text.Primary>
      <View
        style={
          Object {
            "flexDirection": "row",
            "marginVertical": 2,
          }
        }
      >
        <Text.Tertiary
          lightGray={true}
          numberOfLines={1}
        >
          <FormattedNumber
            maximumFractionDigits={2}
            value={2.1}
          />
           
          kgCO2
        </Text.Tertiary>
      </View>
    </View>
    <Ionicons
      color="#111714"
      name="ios-chevron-forward-outline"
      size={18}
      style={
        Object {
          "marginHorizontal": 14,
        }
      }
    />
  </TouchableOpacity>
</FormattedProvider>
`;

exports[`EmissionsListItem renders correctly with chocolate icon 1`] = `
<FormattedProvider
  locale="en"
>
  <TouchableOpacity
    onPress={[Function]}
    style={
      Object {
        "alignItems": "center",
        "flex": 1,
        "flexDirection": "row",
        "justifyContent": "space-between",
        "marginVertical": 6,
      }
    }
  >
    <View
      style={
        Object {
          "alignItems": "center",
          "justifyContent": "center",
          "marginLeft": 7,
          "marginRight": 7,
          "position": "absolute",
        }
      }
    >
      <View
        style={
          Object {
            "backgroundColor": "#CED4DA60",
            "borderRadius": 17,
            "height": 34,
            "position": "absolute",
            "width": 34,
          }
        }
      />
      <Ionicons
        color="#595D58"
        name="md-restaurant"
        size={22}
        style={
          Object {
            "marginHorizontal": 14,
          }
        }
      />
    </View>
    <View
      style={
        Object {
          "flex": 1,
          "marginLeft": 62,
        }
      }
    >
      <Text.Primary
        numberOfLines={1}
      >
        170 g of red meat
      </Text.Primary>
      <View
        style={
          Object {
            "flexDirection": "row",
            "marginVertical": 2,
          }
        }
      >
        <Text.Tertiary
          lightGray={true}
          numberOfLines={1}
        >
          <FormattedNumber
            maximumFractionDigits={2}
            value={2.1}
          />
           
          kgCO2
        </Text.Tertiary>
      </View>
    </View>
    <Ionicons
      color="#111714"
      name="ios-chevron-forward-outline"
      size={18}
      style={
        Object {
          "marginHorizontal": 14,
        }
      }
    />
  </TouchableOpacity>
</FormattedProvider>
`;

exports[`EmissionsListItem renders correctly with coffee icon 1`] = `
<FormattedProvider
  locale="en"
>
  <TouchableOpacity
    onPress={[Function]}
    style={
      Object {
        "alignItems": "center",
        "flex": 1,
        "flexDirection": "row",
        "justifyContent": "space-between",
        "marginVertical": 6,
      }
    }
  >
    <View
      style={
        Object {
          "alignItems": "center",
          "justifyContent": "center",
          "marginLeft": 7,
          "marginRight": 7,
          "position": "absolute",
        }
      }
    >
      <View
        style={
          Object {
            "backgroundColor": "#CED4DA60",
            "borderRadius": 17,
            "height": 34,
            "position": "absolute",
            "width": 34,
          }
        }
      />
      <Ionicons
        color="#595D58"
        name="md-cafe"
        size={22}
        style={
          Object {
            "marginHorizontal": 14,
          }
        }
      />
    </View>
    <View
      style={
        Object {
          "flex": 1,
          "marginLeft": 62,
        }
      }
    >
      <Text.Primary
        numberOfLines={1}
      >
        170 g of red meat
      </Text.Primary>
      <View
        style={
          Object {
            "flexDirection": "row",
            "marginVertical": 2,
          }
        }
      >
        <Text.Tertiary
          lightGray={true}
          numberOfLines={1}
        >
          <FormattedNumber
            maximumFractionDigits={2}
            value={2.1}
          />
           
          kgCO2
        </Text.Tertiary>
      </View>
    </View>
    <Ionicons
      color="#111714"
      name="ios-chevron-forward-outline"
      size={18}
      style={
        Object {
          "marginHorizontal": 14,
        }
      }
    />
  </TouchableOpacity>
</FormattedProvider>
`;

exports[`EmissionsListItem renders correctly with fish icon 1`] = `
<FormattedProvider
  locale="en"
>
  <TouchableOpacity
    onPress={[Function]}
    style={
      Object {
        "alignItems": "center",
        "flex": 1,
        "flexDirection": "row",
        "justifyContent": "space-between",
        "marginVertical": 6,
      }
    }
  >
    <View
      style={
        Object {
          "alignItems": "center",
          "justifyContent": "center",
          "marginLeft": 7,
          "marginRight": 7,
          "position": "absolute",
        }
      }
    >
      <View
        style={
          Object {
            "backgroundColor": "#CED4DA60",
            "borderRadius": 17,
            "height": 34,
            "position": "absolute",
            "width": 34,
          }
        }
      />
      <Ionicons
        color="#595D58"
        name="md-restaurant"
        size={22}
        style={
          Object {
            "marginHorizontal": 14,
          }
        }
      />
    </View>
    <View
      style={
        Object {
          "flex": 1,
          "marginLeft": 62,
        }
      }
    >
      <Text.Primary
        numberOfLines={1}
      >
        170 g of red meat
      </Text.Primary>
      <View
        style={
          Object {
            "flexDirection": "row",
            "marginVertical": 2,
          }
        }
      >
        <Text.Tertiary
          lightGray={true}
          numberOfLines={1}
        >
          <FormattedNumber
            maximumFractionDigits={2}
            value={2.1}
          />
           
          kgCO2
        </Text.Tertiary>
      </View>
    </View>
    <Ionicons
      color="#111714"
      name="ios-chevron-forward-outline"
      size={18}
      style={
        Object {
          "marginHorizontal": 14,
        }
      }
    />
  </TouchableOpacity>
</FormattedProvider>
`;

exports[`EmissionsListItem renders correctly with full hd video icon 1`] = `
<FormattedProvider
  locale="en"
>
  <TouchableOpacity
    onPress={[Function]}
    style={
      Object {
        "alignItems": "center",
        "flex": 1,
        "flexDirection": "row",
        "justifyContent": "space-between",
        "marginVertical": 6,
      }
    }
  >
    <View
      style={
        Object {
          "alignItems": "center",
          "justifyContent": "center",
          "marginLeft": 7,
          "marginRight": 7,
          "position": "absolute",
        }
      }
    >
      <View
        style={
          Object {
            "backgroundColor": "#CED4DA60",
            "borderRadius": 17,
            "height": 34,
            "position": "absolute",
            "width": 34,
          }
        }
      />
      <Ionicons
        color="#595D58"
        name="md-film"
        size={22}
        style={
          Object {
            "marginHorizontal": 14,
          }
        }
      />
    </View>
    <View
      style={
        Object {
          "flex": 1,
          "marginLeft": 62,
        }
      }
    >
      <Text.Primary
        numberOfLines={1}
      >
        170 g of red meat
      </Text.Primary>
      <View
        style={
          Object {
            "flexDirection": "row",
            "marginVertical": 2,
          }
        }
      >
        <Text.Tertiary
          lightGray={true}
          numberOfLines={1}
        >
          <FormattedNumber
            maximumFractionDigits={2}
            value={2.1}
          />
           
          kgCO2
        </Text.Tertiary>
      </View>
    </View>
    <Ionicons
      color="#111714"
      name="ios-chevron-forward-outline"
      size={18}
      style={
        Object {
          "marginHorizontal": 14,
        }
      }
    />
  </TouchableOpacity>
</FormattedProvider>
`;

exports[`EmissionsListItem renders correctly with hd video icon 1`] = `
<FormattedProvider
  locale="en"
>
  <TouchableOpacity
    onPress={[Function]}
    style={
      Object {
        "alignItems": "center",
        "flex": 1,
        "flexDirection": "row",
        "justifyContent": "space-between",
        "marginVertical": 6,
      }
    }
  >
    <View
      style={
        Object {
          "alignItems": "center",
          "justifyContent": "center",
          "marginLeft": 7,
          "marginRight": 7,
          "position": "absolute",
        }
      }
    >
      <View
        style={
          Object {
            "backgroundColor": "#CED4DA60",
            "borderRadius": 17,
            "height": 34,
            "position": "absolute",
            "width": 34,
          }
        }
      />
      <Ionicons
        color="#595D58"
        name="md-film"
        size={22}
        style={
          Object {
            "marginHorizontal": 14,
          }
        }
      />
    </View>
    <View
      style={
        Object {
          "flex": 1,
          "marginLeft": 62,
        }
      }
    >
      <Text.Primary
        numberOfLines={1}
      >
        170 g of red meat
      </Text.Primary>
      <View
        style={
          Object {
            "flexDirection": "row",
            "marginVertical": 2,
          }
        }
      >
        <Text.Tertiary
          lightGray={true}
          numberOfLines={1}
        >
          <FormattedNumber
            maximumFractionDigits={2}
            value={2.1}
          />
           
          kgCO2
        </Text.Tertiary>
      </View>
    </View>
    <Ionicons
      color="#111714"
      name="ios-chevron-forward-outline"
      size={18}
      style={
        Object {
          "marginHorizontal": 14,
        }
      }
    />
  </TouchableOpacity>
</FormattedProvider>
`;

exports[`EmissionsListItem renders correctly with longHaulFlight icon 1`] = `
<FormattedProvider
  locale="en"
>
  <TouchableOpacity
    onPress={[Function]}
    style={
      Object {
        "alignItems": "center",
        "flex": 1,
        "flexDirection": "row",
        "justifyContent": "space-between",
        "marginVertical": 6,
      }
    }
  >
    <View
      style={
        Object {
          "alignItems": "center",
          "justifyContent": "center",
          "marginLeft": 7,
          "marginRight": 7,
          "position": "absolute",
        }
      }
    >
      <View
        style={
          Object {
            "backgroundColor": "#CED4DA60",
            "borderRadius": 17,
            "height": 34,
            "position": "absolute",
            "width": 34,
          }
        }
      />
      <Ionicons
        color="#595D58"
        name="md-airplane"
        size={22}
        style={
          Object {
            "marginHorizontal": 14,
          }
        }
      />
    </View>
    <View
      style={
        Object {
          "flex": 1,
          "marginLeft": 62,
        }
      }
    >
      <Text.Primary
        numberOfLines={1}
      >
        170 g of red meat
      </Text.Primary>
      <View
        style={
          Object {
            "flexDirection": "row",
            "marginVertical": 2,
          }
        }
      >
        <Text.Tertiary
          lightGray={true}
          numberOfLines={1}
        >
          <FormattedNumber
            maximumFractionDigits={2}
            value={2.1}
          />
           
          kgCO2
        </Text.Tertiary>
      </View>
    </View>
    <Ionicons
      color="#111714"
      name="ios-chevron-forward-outline"
      size={18}
      style={
        Object {
          "marginHorizontal": 14,
        }
      }
    />
  </TouchableOpacity>
</FormattedProvider>
`;

exports[`EmissionsListItem renders correctly with mediumHaulFlight icon 1`] = `
<FormattedProvider
  locale="en"
>
  <TouchableOpacity
    onPress={[Function]}
    style={
      Object {
        "alignItems": "center",
        "flex": 1,
        "flexDirection": "row",
        "justifyContent": "space-between",
        "marginVertical": 6,
      }
    }
  >
    <View
      style={
        Object {
          "alignItems": "center",
          "justifyContent": "center",
          "marginLeft": 7,
          "marginRight": 7,
          "position": "absolute",
        }
      }
    >
      <View
        style={
          Object {
            "backgroundColor": "#CED4DA60",
            "borderRadius": 17,
            "height": 34,
            "position": "absolute",
            "width": 34,
          }
        }
      />
      <Ionicons
        color="#595D58"
        name="md-airplane"
        size={22}
        style={
          Object {
            "marginHorizontal": 14,
          }
        }
      />
    </View>
    <View
      style={
        Object {
          "flex": 1,
          "marginLeft": 62,
        }
      }
    >
      <Text.Primary
        numberOfLines={1}
      >
        170 g of red meat
      </Text.Primary>
      <View
        style={
          Object {
            "flexDirection": "row",
            "marginVertical": 2,
          }
        }
      >
        <Text.Tertiary
          lightGray={true}
          numberOfLines={1}
        >
          <FormattedNumber
            maximumFractionDigits={2}
            value={2.1}
          />
           
          kgCO2
        </Text.Tertiary>
      </View>
    </View>
    <Ionicons
      color="#111714"
      name="ios-chevron-forward-outline"
      size={18}
      style={
        Object {
          "marginHorizontal": 14,
        }
      }
    />
  </TouchableOpacity>
</FormattedProvider>
`;

exports[`EmissionsListItem renders correctly with motorbike icon 1`] = `
<FormattedProvider
  locale="en"
>
  <TouchableOpacity
    onPress={[Function]}
    style={
      Object {
        "alignItems": "center",
        "flex": 1,
        "flexDirection": "row",
        "justifyContent": "space-between",
        "marginVertical": 6,
      }
    }
  >
    <View
      style={
        Object {
          "alignItems": "center",
          "justifyContent": "center",
          "marginLeft": 7,
          "marginRight": 7,
          "position": "absolute",
        }
      }
    >
      <View
        style={
          Object {
            "backgroundColor": "#CED4DA60",
            "borderRadius": 17,
            "height": 34,
            "position": "absolute",
            "width": 34,
          }
        }
      />
      <Ionicons
        color="#595D58"
        name="md-bicycle"
        size={22}
        style={
          Object {
            "marginHorizontal": 14,
          }
        }
      />
    </View>
    <View
      style={
        Object {
          "flex": 1,
          "marginLeft": 62,
        }
      }
    >
      <Text.Primary
        numberOfLines={1}
      >
        170 g of red meat
      </Text.Primary>
      <View
        style={
          Object {
            "flexDirection": "row",
            "marginVertical": 2,
          }
        }
      >
        <Text.Tertiary
          lightGray={true}
          numberOfLines={1}
        >
          <FormattedNumber
            maximumFractionDigits={2}
            value={2.1}
          />
           
          kgCO2
        </Text.Tertiary>
      </View>
    </View>
    <Ionicons
      color="#111714"
      name="ios-chevron-forward-outline"
      size={18}
      style={
        Object {
          "marginHorizontal": 14,
        }
      }
    />
  </TouchableOpacity>
</FormattedProvider>
`;

exports[`EmissionsListItem renders correctly with redMeat icon 1`] = `
<FormattedProvider
  locale="en"
>
  <TouchableOpacity
    onPress={[Function]}
    style={
      Object {
        "alignItems": "center",
        "flex": 1,
        "flexDirection": "row",
        "justifyContent": "space-between",
        "marginVertical": 6,
      }
    }
  >
    <View
      style={
        Object {
          "alignItems": "center",
          "justifyContent": "center",
          "marginLeft": 7,
          "marginRight": 7,
          "position": "absolute",
        }
      }
    >
      <View
        style={
          Object {
            "backgroundColor": "#CED4DA60",
            "borderRadius": 17,
            "height": 34,
            "position": "absolute",
            "width": 34,
          }
        }
      />
      <Ionicons
        color="#595D58"
        name="md-restaurant"
        size={22}
        style={
          Object {
            "marginHorizontal": 14,
          }
        }
      />
    </View>
    <View
      style={
        Object {
          "flex": 1,
          "marginLeft": 62,
        }
      }
    >
      <Text.Primary
        numberOfLines={1}
      >
        170 g of red meat
      </Text.Primary>
      <View
        style={
          Object {
            "flexDirection": "row",
            "marginVertical": 2,
          }
        }
      >
        <Text.Tertiary
          lightGray={true}
          numberOfLines={1}
        >
          <FormattedNumber
            maximumFractionDigits={2}
            value={2.1}
          />
           
          kgCO2
        </Text.Tertiary>
      </View>
    </View>
    <Ionicons
      color="#111714"
      name="ios-chevron-forward-outline"
      size={18}
      style={
        Object {
          "marginHorizontal": 14,
        }
      }
    />
  </TouchableOpacity>
</FormattedProvider>
`;

exports[`EmissionsListItem renders correctly with shortHaulFlight icon 1`] = `
<FormattedProvider
  locale="en"
>
  <TouchableOpacity
    onPress={[Function]}
    style={
      Object {
        "alignItems": "center",
        "flex": 1,
        "flexDirection": "row",
        "justifyContent": "space-between",
        "marginVertical": 6,
      }
    }
  >
    <View
      style={
        Object {
          "alignItems": "center",
          "justifyContent": "center",
          "marginLeft": 7,
          "marginRight": 7,
          "position": "absolute",
        }
      }
    >
      <View
        style={
          Object {
            "backgroundColor": "#CED4DA60",
            "borderRadius": 17,
            "height": 34,
            "position": "absolute",
            "width": 34,
          }
        }
      />
      <Ionicons
        color="#595D58"
        name="md-airplane"
        size={22}
        style={
          Object {
            "marginHorizontal": 14,
          }
        }
      />
    </View>
    <View
      style={
        Object {
          "flex": 1,
          "marginLeft": 62,
        }
      }
    >
      <Text.Primary
        numberOfLines={1}
      >
        170 g of red meat
      </Text.Primary>
      <View
        style={
          Object {
            "flexDirection": "row",
            "marginVertical": 2,
          }
        }
      >
        <Text.Tertiary
          lightGray={true}
          numberOfLines={1}
        >
          <FormattedNumber
            maximumFractionDigits={2}
            value={2.1}
          />
           
          kgCO2
        </Text.Tertiary>
      </View>
    </View>
    <Ionicons
      color="#111714"
      name="ios-chevron-forward-outline"
      size={18}
      style={
        Object {
          "marginHorizontal": 14,
        }
      }
    />
  </TouchableOpacity>
</FormattedProvider>
`;

exports[`EmissionsListItem renders correctly with train icon 1`] = `
<FormattedProvider
  locale="en"
>
  <TouchableOpacity
    onPress={[Function]}
    style={
      Object {
        "alignItems": "center",
        "flex": 1,
        "flexDirection": "row",
        "justifyContent": "space-between",
        "marginVertical": 6,
      }
    }
  >
    <View
      style={
        Object {
          "alignItems": "center",
          "justifyContent": "center",
          "marginLeft": 7,
          "marginRight": 7,
          "position": "absolute",
        }
      }
    >
      <View
        style={
          Object {
            "backgroundColor": "#CED4DA60",
            "borderRadius": 17,
            "height": 34,
            "position": "absolute",
            "width": 34,
          }
        }
      />
      <Ionicons
        color="#595D58"
        name="md-train"
        size={22}
        style={
          Object {
            "marginHorizontal": 14,
          }
        }
      />
    </View>
    <View
      style={
        Object {
          "flex": 1,
          "marginLeft": 62,
        }
      }
    >
      <Text.Primary
        numberOfLines={1}
      >
        170 g of red meat
      </Text.Primary>
      <View
        style={
          Object {
            "flexDirection": "row",
            "marginVertical": 2,
          }
        }
      >
        <Text.Tertiary
          lightGray={true}
          numberOfLines={1}
        >
          <FormattedNumber
            maximumFractionDigits={2}
            value={2.1}
          />
           
          kgCO2
        </Text.Tertiary>
      </View>
    </View>
    <Ionicons
      color="#111714"
      name="ios-chevron-forward-outline"
      size={18}
      style={
        Object {
          "marginHorizontal": 14,
        }
      }
    />
  </TouchableOpacity>
</FormattedProvider>
`;

exports[`EmissionsListItem renders correctly with ultra hd video icon 1`] = `
<FormattedProvider
  locale="en"
>
  <TouchableOpacity
    onPress={[Function]}
    style={
      Object {
        "alignItems": "center",
        "flex": 1,
        "flexDirection": "row",
        "justifyContent": "space-between",
        "marginVertical": 6,
      }
    }
  >
    <View
      style={
        Object {
          "alignItems": "center",
          "justifyContent": "center",
          "marginLeft": 7,
          "marginRight": 7,
          "position": "absolute",
        }
      }
    >
      <View
        style={
          Object {
            "backgroundColor": "#CED4DA60",
            "borderRadius": 17,
            "height": 34,
            "position": "absolute",
            "width": 34,
          }
        }
      />
      <Ionicons
        color="#595D58"
        name="md-film"
        size={22}
        style={
          Object {
            "marginHorizontal": 14,
          }
        }
      />
    </View>
    <View
      style={
        Object {
          "flex": 1,
          "marginLeft": 62,
        }
      }
    >
      <Text.Primary
        numberOfLines={1}
      >
        170 g of red meat
      </Text.Primary>
      <View
        style={
          Object {
            "flexDirection": "row",
            "marginVertical": 2,
          }
        }
      >
        <Text.Tertiary
          lightGray={true}
          numberOfLines={1}
        >
          <FormattedNumber
            maximumFractionDigits={2}
            value={2.1}
          />
           
          kgCO2
        </Text.Tertiary>
      </View>
    </View>
    <Ionicons
      color="#111714"
      name="ios-chevron-forward-outline"
      size={18}
      style={
        Object {
          "marginHorizontal": 14,
        }
      }
    />
  </TouchableOpacity>
</FormattedProvider>
`;

exports[`EmissionsListItem renders correctly with whiteMeat icon 1`] = `
<FormattedProvider
  locale="en"
>
  <TouchableOpacity
    onPress={[Function]}
    style={
      Object {
        "alignItems": "center",
        "flex": 1,
        "flexDirection": "row",
        "justifyContent": "space-between",
        "marginVertical": 6,
      }
    }
  >
    <View
      style={
        Object {
          "alignItems": "center",
          "justifyContent": "center",
          "marginLeft": 7,
          "marginRight": 7,
          "position": "absolute",
        }
      }
    >
      <View
        style={
          Object {
            "backgroundColor": "#CED4DA60",
            "borderRadius": 17,
            "height": 34,
            "position": "absolute",
            "width": 34,
          }
        }
      />
      <Ionicons
        color="#595D58"
        name="md-restaurant"
        size={22}
        style={
          Object {
            "marginHorizontal": 14,
          }
        }
      />
    </View>
    <View
      style={
        Object {
          "flex": 1,
          "marginLeft": 62,
        }
      }
    >
      <Text.Primary
        numberOfLines={1}
      >
        170 g of red meat
      </Text.Primary>
      <View
        style={
          Object {
            "flexDirection": "row",
            "marginVertical": 2,
          }
        }
      >
        <Text.Tertiary
          lightGray={true}
          numberOfLines={1}
        >
          <FormattedNumber
            maximumFractionDigits={2}
            value={2.1}
          />
           
          kgCO2
        </Text.Tertiary>
      </View>
    </View>
    <Ionicons
      color="#111714"
      name="ios-chevron-forward-outline"
      size={18}
      style={
        Object {
          "marginHorizontal": 14,
        }
      }
    />
  </TouchableOpacity>
</FormattedProvider>
`;
