// Jest Snapshot v1, https://goo.gl/fbAQLP

exports[`renders correctly SocialMedia 1`] = `
<View
  ref={null}
  style={
    {
      "flex": 1,
      "flexDirection": "row",
      "justifyContent": "center",
    }
  }
>
  <View
    ref={null}
    style={
      {
        "flex": 1,
        "flexDirection": "row",
        "gap": 40,
        "justifyContent": "center",
        "maxWidth": 200,
        "paddingBottom": 50,
      }
    }
  >
    <TouchableOpacity
      onPress={[Function]}
      ref={null}
      testID="social-media-button"
    >
      <View
        color="#595D58"
        name="github"
        ref={null}
        size={32}
      />
    </TouchableOpacity>
    <TouchableOpacity
      onPress={[Function]}
      ref={null}
      testID="social-media-button"
    >
      <View
        color="#595D58"
        name="globe"
        ref={null}
        size={32}
      />
    </TouchableOpacity>
  </View>
</View>
`;
