// Jest Snapshot v1, https://goo.gl/fbAQLP

exports[`renders correctly SocialMedia 1`] = `
<View
  style={
    Object {
      "flex": 1,
      "flexDirection": "row",
      "justifyContent": "space-between",
      "paddingHorizontal": 14,
      "paddingVertical": 18,
    }
  }
>
  <TouchableOpacity
    onPress={[Function]}
  >
    <MaterialCommunityIcons
      color="#c32aa3"
      name="instagram"
      size={32}
    />
  </TouchableOpacity>
  <TouchableOpacity
    onPress={[Function]}
  >
    <MaterialCommunityIcons
      color="#4a154b"
      name="slack"
      size={32}
    />
  </TouchableOpacity>
  <TouchableOpacity
    onPress={[Function]}
  >
    <MaterialCommunityIcons
      color="#333333"
      name="github-circle"
      size={32}
    />
  </TouchableOpacity>
  <TouchableOpacity
    onPress={[Function]}
  >
    <MaterialCommunityIcons
      color="#2b90d9"
      name="twitter"
      size={32}
    />
  </TouchableOpacity>
  <TouchableOpacity
    onPress={[Function]}
  >
    <MaterialCommunityIcons
      color="#2b90d9"
      name="mastodon"
      size={32}
    />
  </TouchableOpacity>
  <TouchableOpacity
    onPress={[Function]}
  >
    <MaterialCommunityIcons
      color="#02b875"
      name="medium"
      size={32}
    />
  </TouchableOpacity>
</View>
`;
