// Jest Snapshot v1, https://goo.gl/fbAQLP

exports[`EmissionListItem renders correctly if mitigated 1`] = `
<GlobalizeProvider
  locale="en"
>
  <TouchableOpacity
    onPress={[Function]}
    style={
      {
        "alignItems": "center",
        "flex": 1,
        "flexDirection": "row",
        "justifyContent": "space-between",
        "marginVertical": 6,
      }
    }
  >
    <View
      style={
        {
          "alignItems": "center",
          "justifyContent": "center",
          "marginLeft": 8,
          "marginRight": 8,
          "position": "absolute",
        }
      }
    >
      <View
        style={
          {
            "backgroundColor": "#E7F3EB",
            "borderRadius": 17,
            "height": 34,
            "position": "absolute",
            "width": 34,
          }
        }
      />
      <Ionicons
        color="#0F853B"
        name="md-nutrition"
        size={22}
        style={
          {
            "marginHorizontal": 16,
          }
        }
      />
    </View>
    <View
      style={
        {
          "flex": 1,
          "marginLeft": 66,
        }
      }
    >
      <Text.Primary
        numberOfLines={1}
      >
        170 g of red meat
      </Text.Primary>
      <View
        style={
          {
            "flexDirection": "row",
            "marginVertical": 2,
          }
        }
      >
        <Text.Tertiary
          lightGray={true}
          numberOfLines={1}
        >
          <FormattedNumber
            maximumFractionDigits={2}
            value={2.1}
          />
           kg
          CO2eq
        </Text.Tertiary>
        <Text.Tertiary
          lightGray={true}
        >
           • 
        </Text.Tertiary>
        <Text.Tertiary
          green={true}
        >
          Offset
        </Text.Tertiary>
      </View>
    </View>
    <Ionicons
      color="#595D58"
      name="ios-chevron-forward-outline"
      size={18}
      style={
        {
          "marginHorizontal": 16,
        }
      }
    />
  </TouchableOpacity>
</GlobalizeProvider>
`;

exports[`EmissionListItem renders correctly with audio icon 1`] = `
<GlobalizeProvider
  locale="en"
>
  <TouchableOpacity
    onPress={[Function]}
    style={
      {
        "alignItems": "center",
        "flex": 1,
        "flexDirection": "row",
        "justifyContent": "space-between",
        "marginVertical": 6,
      }
    }
  >
    <View
      style={
        {
          "alignItems": "center",
          "justifyContent": "center",
          "marginLeft": 8,
          "marginRight": 8,
          "position": "absolute",
        }
      }
    >
      <View
        style={
          {
            "backgroundColor": "#F9F9F960",
            "borderRadius": 17,
            "height": 34,
            "position": "absolute",
            "width": 34,
          }
        }
      />
      <Ionicons
        color="#595D58"
        name="md-musical-note"
        size={22}
        style={
          {
            "marginHorizontal": 16,
          }
        }
      />
    </View>
    <View
      style={
        {
          "flex": 1,
          "marginLeft": 66,
        }
      }
    >
      <Text.Primary
        numberOfLines={1}
      >
        170 g of red meat
      </Text.Primary>
      <View
        style={
          {
            "flexDirection": "row",
            "marginVertical": 2,
          }
        }
      >
        <Text.Tertiary
          lightGray={true}
          numberOfLines={1}
        >
          <FormattedNumber
            maximumFractionDigits={2}
            value={2.1}
          />
           kg
          CO2eq
        </Text.Tertiary>
      </View>
    </View>
    <Ionicons
      color="#595D58"
      name="ios-chevron-forward-outline"
      size={18}
      style={
        {
          "marginHorizontal": 16,
        }
      }
    />
  </TouchableOpacity>
</GlobalizeProvider>
`;

exports[`EmissionListItem renders correctly with boat icon 1`] = `
<GlobalizeProvider
  locale="en"
>
  <TouchableOpacity
    onPress={[Function]}
    style={
      {
        "alignItems": "center",
        "flex": 1,
        "flexDirection": "row",
        "justifyContent": "space-between",
        "marginVertical": 6,
      }
    }
  >
    <View
      style={
        {
          "alignItems": "center",
          "justifyContent": "center",
          "marginLeft": 8,
          "marginRight": 8,
          "position": "absolute",
        }
      }
    >
      <View
        style={
          {
            "backgroundColor": "#F9F9F960",
            "borderRadius": 17,
            "height": 34,
            "position": "absolute",
            "width": 34,
          }
        }
      />
      <Ionicons
        color="#595D58"
        name="md-boat"
        size={22}
        style={
          {
            "marginHorizontal": 16,
          }
        }
      />
    </View>
    <View
      style={
        {
          "flex": 1,
          "marginLeft": 66,
        }
      }
    >
      <Text.Primary
        numberOfLines={1}
      >
        170 g of red meat
      </Text.Primary>
      <View
        style={
          {
            "flexDirection": "row",
            "marginVertical": 2,
          }
        }
      >
        <Text.Tertiary
          lightGray={true}
          numberOfLines={1}
        >
          <FormattedNumber
            maximumFractionDigits={2}
            value={2.1}
          />
           kg
          CO2eq
        </Text.Tertiary>
      </View>
    </View>
    <Ionicons
      color="#595D58"
      name="ios-chevron-forward-outline"
      size={18}
      style={
        {
          "marginHorizontal": 16,
        }
      }
    />
  </TouchableOpacity>
</GlobalizeProvider>
`;

exports[`EmissionListItem renders correctly with bus icon 1`] = `
<GlobalizeProvider
  locale="en"
>
  <TouchableOpacity
    onPress={[Function]}
    style={
      {
        "alignItems": "center",
        "flex": 1,
        "flexDirection": "row",
        "justifyContent": "space-between",
        "marginVertical": 6,
      }
    }
  >
    <View
      style={
        {
          "alignItems": "center",
          "justifyContent": "center",
          "marginLeft": 8,
          "marginRight": 8,
          "position": "absolute",
        }
      }
    >
      <View
        style={
          {
            "backgroundColor": "#F9F9F960",
            "borderRadius": 17,
            "height": 34,
            "position": "absolute",
            "width": 34,
          }
        }
      />
      <Ionicons
        color="#595D58"
        name="md-bus"
        size={22}
        style={
          {
            "marginHorizontal": 16,
          }
        }
      />
    </View>
    <View
      style={
        {
          "flex": 1,
          "marginLeft": 66,
        }
      }
    >
      <Text.Primary
        numberOfLines={1}
      >
        170 g of red meat
      </Text.Primary>
      <View
        style={
          {
            "flexDirection": "row",
            "marginVertical": 2,
          }
        }
      >
        <Text.Tertiary
          lightGray={true}
          numberOfLines={1}
        >
          <FormattedNumber
            maximumFractionDigits={2}
            value={2.1}
          />
           kg
          CO2eq
        </Text.Tertiary>
      </View>
    </View>
    <Ionicons
      color="#595D58"
      name="ios-chevron-forward-outline"
      size={18}
      style={
        {
          "marginHorizontal": 16,
        }
      }
    />
  </TouchableOpacity>
</GlobalizeProvider>
`;

exports[`EmissionListItem renders correctly with car icon 1`] = `
<GlobalizeProvider
  locale="en"
>
  <TouchableOpacity
    onPress={[Function]}
    style={
      {
        "alignItems": "center",
        "flex": 1,
        "flexDirection": "row",
        "justifyContent": "space-between",
        "marginVertical": 6,
      }
    }
  >
    <View
      style={
        {
          "alignItems": "center",
          "justifyContent": "center",
          "marginLeft": 8,
          "marginRight": 8,
          "position": "absolute",
        }
      }
    >
      <View
        style={
          {
            "backgroundColor": "#F9F9F960",
            "borderRadius": 17,
            "height": 34,
            "position": "absolute",
            "width": 34,
          }
        }
      />
      <Ionicons
        color="#595D58"
        name="md-car"
        size={22}
        style={
          {
            "marginHorizontal": 16,
          }
        }
      />
    </View>
    <View
      style={
        {
          "flex": 1,
          "marginLeft": 66,
        }
      }
    >
      <Text.Primary
        numberOfLines={1}
      >
        170 g of red meat
      </Text.Primary>
      <View
        style={
          {
            "flexDirection": "row",
            "marginVertical": 2,
          }
        }
      >
        <Text.Tertiary
          lightGray={true}
          numberOfLines={1}
        >
          <FormattedNumber
            maximumFractionDigits={2}
            value={2.1}
          />
           kg
          CO2eq
        </Text.Tertiary>
      </View>
    </View>
    <Ionicons
      color="#595D58"
      name="ios-chevron-forward-outline"
      size={18}
      style={
        {
          "marginHorizontal": 16,
        }
      }
    />
  </TouchableOpacity>
</GlobalizeProvider>
`;

exports[`EmissionListItem renders correctly with card icon 1`] = `
<GlobalizeProvider
  locale="en"
>
  <TouchableOpacity
    onPress={[Function]}
    style={
      {
        "alignItems": "center",
        "flex": 1,
        "flexDirection": "row",
        "justifyContent": "space-between",
        "marginVertical": 6,
      }
    }
  >
    <View
      style={
        {
          "alignItems": "center",
          "justifyContent": "center",
          "marginLeft": 8,
          "marginRight": 8,
          "position": "absolute",
        }
      }
    >
      <View
        style={
          {
            "backgroundColor": "#F9F9F960",
            "borderRadius": 17,
            "height": 34,
            "position": "absolute",
            "width": 34,
          }
        }
      />
      <Ionicons
        color="#595D58"
        name="md-card"
        size={22}
        style={
          {
            "marginHorizontal": 16,
          }
        }
      />
    </View>
    <View
      style={
        {
          "flex": 1,
          "marginLeft": 66,
        }
      }
    >
      <Text.Primary
        numberOfLines={1}
      >
        170 g of red meat
      </Text.Primary>
      <View
        style={
          {
            "flexDirection": "row",
            "marginVertical": 2,
          }
        }
      >
        <Text.Tertiary
          lightGray={true}
          numberOfLines={1}
        >
          <FormattedNumber
            maximumFractionDigits={2}
            value={2.1}
          />
           kg
          CO2eq
        </Text.Tertiary>
      </View>
    </View>
    <Ionicons
      color="#595D58"
      name="ios-chevron-forward-outline"
      size={18}
      style={
        {
          "marginHorizontal": 16,
        }
      }
    />
  </TouchableOpacity>
</GlobalizeProvider>
`;

exports[`EmissionListItem renders correctly with chocolate icon 1`] = `
<GlobalizeProvider
  locale="en"
>
  <TouchableOpacity
    onPress={[Function]}
    style={
      {
        "alignItems": "center",
        "flex": 1,
        "flexDirection": "row",
        "justifyContent": "space-between",
        "marginVertical": 6,
      }
    }
  >
    <View
      style={
        {
          "alignItems": "center",
          "justifyContent": "center",
          "marginLeft": 8,
          "marginRight": 8,
          "position": "absolute",
        }
      }
    >
      <View
        style={
          {
            "backgroundColor": "#F9F9F960",
            "borderRadius": 17,
            "height": 34,
            "position": "absolute",
            "width": 34,
          }
        }
      />
      <Ionicons
        color="#595D58"
        name="md-nutrition"
        size={22}
        style={
          {
            "marginHorizontal": 16,
          }
        }
      />
    </View>
    <View
      style={
        {
          "flex": 1,
          "marginLeft": 66,
        }
      }
    >
      <Text.Primary
        numberOfLines={1}
      >
        170 g of red meat
      </Text.Primary>
      <View
        style={
          {
            "flexDirection": "row",
            "marginVertical": 2,
          }
        }
      >
        <Text.Tertiary
          lightGray={true}
          numberOfLines={1}
        >
          <FormattedNumber
            maximumFractionDigits={2}
            value={2.1}
          />
           kg
          CO2eq
        </Text.Tertiary>
      </View>
    </View>
    <Ionicons
      color="#595D58"
      name="ios-chevron-forward-outline"
      size={18}
      style={
        {
          "marginHorizontal": 16,
        }
      }
    />
  </TouchableOpacity>
</GlobalizeProvider>
`;

exports[`EmissionListItem renders correctly with coffee icon 1`] = `
<GlobalizeProvider
  locale="en"
>
  <TouchableOpacity
    onPress={[Function]}
    style={
      {
        "alignItems": "center",
        "flex": 1,
        "flexDirection": "row",
        "justifyContent": "space-between",
        "marginVertical": 6,
      }
    }
  >
    <View
      style={
        {
          "alignItems": "center",
          "justifyContent": "center",
          "marginLeft": 8,
          "marginRight": 8,
          "position": "absolute",
        }
      }
    >
      <View
        style={
          {
            "backgroundColor": "#F9F9F960",
            "borderRadius": 17,
            "height": 34,
            "position": "absolute",
            "width": 34,
          }
        }
      />
      <Ionicons
        color="#595D58"
        name="md-cafe"
        size={22}
        style={
          {
            "marginHorizontal": 16,
          }
        }
      />
    </View>
    <View
      style={
        {
          "flex": 1,
          "marginLeft": 66,
        }
      }
    >
      <Text.Primary
        numberOfLines={1}
      >
        170 g of red meat
      </Text.Primary>
      <View
        style={
          {
            "flexDirection": "row",
            "marginVertical": 2,
          }
        }
      >
        <Text.Tertiary
          lightGray={true}
          numberOfLines={1}
        >
          <FormattedNumber
            maximumFractionDigits={2}
            value={2.1}
          />
           kg
          CO2eq
        </Text.Tertiary>
      </View>
    </View>
    <Ionicons
      color="#595D58"
      name="ios-chevron-forward-outline"
      size={18}
      style={
        {
          "marginHorizontal": 16,
        }
      }
    />
  </TouchableOpacity>
</GlobalizeProvider>
`;

exports[`EmissionListItem renders correctly with electricity icon 1`] = `
<GlobalizeProvider
  locale="en"
>
  <TouchableOpacity
    onPress={[Function]}
    style={
      {
        "alignItems": "center",
        "flex": 1,
        "flexDirection": "row",
        "justifyContent": "space-between",
        "marginVertical": 6,
      }
    }
  >
    <View
      style={
        {
          "alignItems": "center",
          "justifyContent": "center",
          "marginLeft": 8,
          "marginRight": 8,
          "position": "absolute",
        }
      }
    >
      <View
        style={
          {
            "backgroundColor": "#F9F9F960",
            "borderRadius": 17,
            "height": 34,
            "position": "absolute",
            "width": 34,
          }
        }
      />
      <Ionicons
        color="#595D58"
        name="md-flash"
        size={22}
        style={
          {
            "marginHorizontal": 16,
          }
        }
      />
    </View>
    <View
      style={
        {
          "flex": 1,
          "marginLeft": 66,
        }
      }
    >
      <Text.Primary
        numberOfLines={1}
      >
        170 g of red meat
      </Text.Primary>
      <View
        style={
          {
            "flexDirection": "row",
            "marginVertical": 2,
          }
        }
      >
        <Text.Tertiary
          lightGray={true}
          numberOfLines={1}
        >
          <FormattedNumber
            maximumFractionDigits={2}
            value={2.1}
          />
           kg
          CO2eq
        </Text.Tertiary>
      </View>
    </View>
    <Ionicons
      color="#595D58"
      name="ios-chevron-forward-outline"
      size={18}
      style={
        {
          "marginHorizontal": 16,
        }
      }
    />
  </TouchableOpacity>
</GlobalizeProvider>
`;

exports[`EmissionListItem renders correctly with fish icon 1`] = `
<GlobalizeProvider
  locale="en"
>
  <TouchableOpacity
    onPress={[Function]}
    style={
      {
        "alignItems": "center",
        "flex": 1,
        "flexDirection": "row",
        "justifyContent": "space-between",
        "marginVertical": 6,
      }
    }
  >
    <View
      style={
        {
          "alignItems": "center",
          "justifyContent": "center",
          "marginLeft": 8,
          "marginRight": 8,
          "position": "absolute",
        }
      }
    >
      <View
        style={
          {
            "backgroundColor": "#F9F9F960",
            "borderRadius": 17,
            "height": 34,
            "position": "absolute",
            "width": 34,
          }
        }
      />
      <Ionicons
        color="#595D58"
        name="md-nutrition"
        size={22}
        style={
          {
            "marginHorizontal": 16,
          }
        }
      />
    </View>
    <View
      style={
        {
          "flex": 1,
          "marginLeft": 66,
        }
      }
    >
      <Text.Primary
        numberOfLines={1}
      >
        170 g of red meat
      </Text.Primary>
      <View
        style={
          {
            "flexDirection": "row",
            "marginVertical": 2,
          }
        }
      >
        <Text.Tertiary
          lightGray={true}
          numberOfLines={1}
        >
          <FormattedNumber
            maximumFractionDigits={2}
            value={2.1}
          />
           kg
          CO2eq
        </Text.Tertiary>
      </View>
    </View>
    <Ionicons
      color="#595D58"
      name="ios-chevron-forward-outline"
      size={18}
      style={
        {
          "marginHorizontal": 16,
        }
      }
    />
  </TouchableOpacity>
</GlobalizeProvider>
`;

exports[`EmissionListItem renders correctly with full hd video icon 1`] = `
<GlobalizeProvider
  locale="en"
>
  <TouchableOpacity
    onPress={[Function]}
    style={
      {
        "alignItems": "center",
        "flex": 1,
        "flexDirection": "row",
        "justifyContent": "space-between",
        "marginVertical": 6,
      }
    }
  >
    <View
      style={
        {
          "alignItems": "center",
          "justifyContent": "center",
          "marginLeft": 8,
          "marginRight": 8,
          "position": "absolute",
        }
      }
    >
      <View
        style={
          {
            "backgroundColor": "#F9F9F960",
            "borderRadius": 17,
            "height": 34,
            "position": "absolute",
            "width": 34,
          }
        }
      />
      <Ionicons
        color="#595D58"
        name="md-film"
        size={22}
        style={
          {
            "marginHorizontal": 16,
          }
        }
      />
    </View>
    <View
      style={
        {
          "flex": 1,
          "marginLeft": 66,
        }
      }
    >
      <Text.Primary
        numberOfLines={1}
      >
        170 g of red meat
      </Text.Primary>
      <View
        style={
          {
            "flexDirection": "row",
            "marginVertical": 2,
          }
        }
      >
        <Text.Tertiary
          lightGray={true}
          numberOfLines={1}
        >
          <FormattedNumber
            maximumFractionDigits={2}
            value={2.1}
          />
           kg
          CO2eq
        </Text.Tertiary>
      </View>
    </View>
    <Ionicons
      color="#595D58"
      name="ios-chevron-forward-outline"
      size={18}
      style={
        {
          "marginHorizontal": 16,
        }
      }
    />
  </TouchableOpacity>
</GlobalizeProvider>
`;

exports[`EmissionListItem renders correctly with hd video icon 1`] = `
<GlobalizeProvider
  locale="en"
>
  <TouchableOpacity
    onPress={[Function]}
    style={
      {
        "alignItems": "center",
        "flex": 1,
        "flexDirection": "row",
        "justifyContent": "space-between",
        "marginVertical": 6,
      }
    }
  >
    <View
      style={
        {
          "alignItems": "center",
          "justifyContent": "center",
          "marginLeft": 8,
          "marginRight": 8,
          "position": "absolute",
        }
      }
    >
      <View
        style={
          {
            "backgroundColor": "#F9F9F960",
            "borderRadius": 17,
            "height": 34,
            "position": "absolute",
            "width": 34,
          }
        }
      />
      <Ionicons
        color="#595D58"
        name="md-film"
        size={22}
        style={
          {
            "marginHorizontal": 16,
          }
        }
      />
    </View>
    <View
      style={
        {
          "flex": 1,
          "marginLeft": 66,
        }
      }
    >
      <Text.Primary
        numberOfLines={1}
      >
        170 g of red meat
      </Text.Primary>
      <View
        style={
          {
            "flexDirection": "row",
            "marginVertical": 2,
          }
        }
      >
        <Text.Tertiary
          lightGray={true}
          numberOfLines={1}
        >
          <FormattedNumber
            maximumFractionDigits={2}
            value={2.1}
          />
           kg
          CO2eq
        </Text.Tertiary>
      </View>
    </View>
    <Ionicons
      color="#595D58"
      name="ios-chevron-forward-outline"
      size={18}
      style={
        {
          "marginHorizontal": 16,
        }
      }
    />
  </TouchableOpacity>
</GlobalizeProvider>
`;

exports[`EmissionListItem renders correctly with longHaulFlight icon 1`] = `
<GlobalizeProvider
  locale="en"
>
  <TouchableOpacity
    onPress={[Function]}
    style={
      {
        "alignItems": "center",
        "flex": 1,
        "flexDirection": "row",
        "justifyContent": "space-between",
        "marginVertical": 6,
      }
    }
  >
    <View
      style={
        {
          "alignItems": "center",
          "justifyContent": "center",
          "marginLeft": 8,
          "marginRight": 8,
          "position": "absolute",
        }
      }
    >
      <View
        style={
          {
            "backgroundColor": "#F9F9F960",
            "borderRadius": 17,
            "height": 34,
            "position": "absolute",
            "width": 34,
          }
        }
      />
      <Ionicons
        color="#595D58"
        name="md-airplane"
        size={22}
        style={
          {
            "marginHorizontal": 16,
          }
        }
      />
    </View>
    <View
      style={
        {
          "flex": 1,
          "marginLeft": 66,
        }
      }
    >
      <Text.Primary
        numberOfLines={1}
      >
        170 g of red meat
      </Text.Primary>
      <View
        style={
          {
            "flexDirection": "row",
            "marginVertical": 2,
          }
        }
      >
        <Text.Tertiary
          lightGray={true}
          numberOfLines={1}
        >
          <FormattedNumber
            maximumFractionDigits={2}
            value={2.1}
          />
           kg
          CO2eq
        </Text.Tertiary>
      </View>
    </View>
    <Ionicons
      color="#595D58"
      name="ios-chevron-forward-outline"
      size={18}
      style={
        {
          "marginHorizontal": 16,
        }
      }
    />
  </TouchableOpacity>
</GlobalizeProvider>
`;

exports[`EmissionListItem renders correctly with meal icon 1`] = `
<GlobalizeProvider
  locale="en"
>
  <TouchableOpacity
    onPress={[Function]}
    style={
      {
        "alignItems": "center",
        "flex": 1,
        "flexDirection": "row",
        "justifyContent": "space-between",
        "marginVertical": 6,
      }
    }
  >
    <View
      style={
        {
          "alignItems": "center",
          "justifyContent": "center",
          "marginLeft": 8,
          "marginRight": 8,
          "position": "absolute",
        }
      }
    >
      <View
        style={
          {
            "backgroundColor": "#F9F9F960",
            "borderRadius": 17,
            "height": 34,
            "position": "absolute",
            "width": 34,
          }
        }
      />
      <Ionicons
        color="#595D58"
        name="md-restaurant"
        size={22}
        style={
          {
            "marginHorizontal": 16,
          }
        }
      />
    </View>
    <View
      style={
        {
          "flex": 1,
          "marginLeft": 66,
        }
      }
    >
      <Text.Primary
        numberOfLines={1}
      >
        170 g of red meat
      </Text.Primary>
      <View
        style={
          {
            "flexDirection": "row",
            "marginVertical": 2,
          }
        }
      >
        <Text.Tertiary
          lightGray={true}
          numberOfLines={1}
        >
          <FormattedNumber
            maximumFractionDigits={2}
            value={2.1}
          />
           kg
          CO2eq
        </Text.Tertiary>
      </View>
    </View>
    <Ionicons
      color="#595D58"
      name="ios-chevron-forward-outline"
      size={18}
      style={
        {
          "marginHorizontal": 16,
        }
      }
    />
  </TouchableOpacity>
</GlobalizeProvider>
`;

exports[`EmissionListItem renders correctly with mediumHaulFlight icon 1`] = `
<GlobalizeProvider
  locale="en"
>
  <TouchableOpacity
    onPress={[Function]}
    style={
      {
        "alignItems": "center",
        "flex": 1,
        "flexDirection": "row",
        "justifyContent": "space-between",
        "marginVertical": 6,
      }
    }
  >
    <View
      style={
        {
          "alignItems": "center",
          "justifyContent": "center",
          "marginLeft": 8,
          "marginRight": 8,
          "position": "absolute",
        }
      }
    >
      <View
        style={
          {
            "backgroundColor": "#F9F9F960",
            "borderRadius": 17,
            "height": 34,
            "position": "absolute",
            "width": 34,
          }
        }
      />
      <Ionicons
        color="#595D58"
        name="md-airplane"
        size={22}
        style={
          {
            "marginHorizontal": 16,
          }
        }
      />
    </View>
    <View
      style={
        {
          "flex": 1,
          "marginLeft": 66,
        }
      }
    >
      <Text.Primary
        numberOfLines={1}
      >
        170 g of red meat
      </Text.Primary>
      <View
        style={
          {
            "flexDirection": "row",
            "marginVertical": 2,
          }
        }
      >
        <Text.Tertiary
          lightGray={true}
          numberOfLines={1}
        >
          <FormattedNumber
            maximumFractionDigits={2}
            value={2.1}
          />
           kg
          CO2eq
        </Text.Tertiary>
      </View>
    </View>
    <Ionicons
      color="#595D58"
      name="ios-chevron-forward-outline"
      size={18}
      style={
        {
          "marginHorizontal": 16,
        }
      }
    />
  </TouchableOpacity>
</GlobalizeProvider>
`;

exports[`EmissionListItem renders correctly with motorbike icon 1`] = `
<GlobalizeProvider
  locale="en"
>
  <TouchableOpacity
    onPress={[Function]}
    style={
      {
        "alignItems": "center",
        "flex": 1,
        "flexDirection": "row",
        "justifyContent": "space-between",
        "marginVertical": 6,
      }
    }
  >
    <View
      style={
        {
          "alignItems": "center",
          "justifyContent": "center",
          "marginLeft": 8,
          "marginRight": 8,
          "position": "absolute",
        }
      }
    >
      <View
        style={
          {
            "backgroundColor": "#F9F9F960",
            "borderRadius": 17,
            "height": 34,
            "position": "absolute",
            "width": 34,
          }
        }
      />
      <Ionicons
        color="#595D58"
        name="md-bicycle"
        size={22}
        style={
          {
            "marginHorizontal": 16,
          }
        }
      />
    </View>
    <View
      style={
        {
          "flex": 1,
          "marginLeft": 66,
        }
      }
    >
      <Text.Primary
        numberOfLines={1}
      >
        170 g of red meat
      </Text.Primary>
      <View
        style={
          {
            "flexDirection": "row",
            "marginVertical": 2,
          }
        }
      >
        <Text.Tertiary
          lightGray={true}
          numberOfLines={1}
        >
          <FormattedNumber
            maximumFractionDigits={2}
            value={2.1}
          />
           kg
          CO2eq
        </Text.Tertiary>
      </View>
    </View>
    <Ionicons
      color="#595D58"
      name="ios-chevron-forward-outline"
      size={18}
      style={
        {
          "marginHorizontal": 16,
        }
      }
    />
  </TouchableOpacity>
</GlobalizeProvider>
`;

exports[`EmissionListItem renders correctly with redMeat icon 1`] = `
<GlobalizeProvider
  locale="en"
>
  <TouchableOpacity
    onPress={[Function]}
    style={
      {
        "alignItems": "center",
        "flex": 1,
        "flexDirection": "row",
        "justifyContent": "space-between",
        "marginVertical": 6,
      }
    }
  >
    <View
      style={
        {
          "alignItems": "center",
          "justifyContent": "center",
          "marginLeft": 8,
          "marginRight": 8,
          "position": "absolute",
        }
      }
    >
      <View
        style={
          {
            "backgroundColor": "#F9F9F960",
            "borderRadius": 17,
            "height": 34,
            "position": "absolute",
            "width": 34,
          }
        }
      />
      <Ionicons
        color="#595D58"
        name="md-nutrition"
        size={22}
        style={
          {
            "marginHorizontal": 16,
          }
        }
      />
    </View>
    <View
      style={
        {
          "flex": 1,
          "marginLeft": 66,
        }
      }
    >
      <Text.Primary
        numberOfLines={1}
      >
        170 g of red meat
      </Text.Primary>
      <View
        style={
          {
            "flexDirection": "row",
            "marginVertical": 2,
          }
        }
      >
        <Text.Tertiary
          lightGray={true}
          numberOfLines={1}
        >
          <FormattedNumber
            maximumFractionDigits={2}
            value={2.1}
          />
           kg
          CO2eq
        </Text.Tertiary>
      </View>
    </View>
    <Ionicons
      color="#595D58"
      name="ios-chevron-forward-outline"
      size={18}
      style={
        {
          "marginHorizontal": 16,
        }
      }
    />
  </TouchableOpacity>
</GlobalizeProvider>
`;

exports[`EmissionListItem renders correctly with shirt icon 1`] = `
<GlobalizeProvider
  locale="en"
>
  <TouchableOpacity
    onPress={[Function]}
    style={
      {
        "alignItems": "center",
        "flex": 1,
        "flexDirection": "row",
        "justifyContent": "space-between",
        "marginVertical": 6,
      }
    }
  >
    <View
      style={
        {
          "alignItems": "center",
          "justifyContent": "center",
          "marginLeft": 8,
          "marginRight": 8,
          "position": "absolute",
        }
      }
    >
      <View
        style={
          {
            "backgroundColor": "#F9F9F960",
            "borderRadius": 17,
            "height": 34,
            "position": "absolute",
            "width": 34,
          }
        }
      />
      <Ionicons
        color="#595D58"
        name="md-shirt"
        size={22}
        style={
          {
            "marginHorizontal": 16,
          }
        }
      />
    </View>
    <View
      style={
        {
          "flex": 1,
          "marginLeft": 66,
        }
      }
    >
      <Text.Primary
        numberOfLines={1}
      >
        170 g of red meat
      </Text.Primary>
      <View
        style={
          {
            "flexDirection": "row",
            "marginVertical": 2,
          }
        }
      >
        <Text.Tertiary
          lightGray={true}
          numberOfLines={1}
        >
          <FormattedNumber
            maximumFractionDigits={2}
            value={2.1}
          />
           kg
          CO2eq
        </Text.Tertiary>
      </View>
    </View>
    <Ionicons
      color="#595D58"
      name="ios-chevron-forward-outline"
      size={18}
      style={
        {
          "marginHorizontal": 16,
        }
      }
    />
  </TouchableOpacity>
</GlobalizeProvider>
`;

exports[`EmissionListItem renders correctly with shortHaulFlight icon 1`] = `
<GlobalizeProvider
  locale="en"
>
  <TouchableOpacity
    onPress={[Function]}
    style={
      {
        "alignItems": "center",
        "flex": 1,
        "flexDirection": "row",
        "justifyContent": "space-between",
        "marginVertical": 6,
      }
    }
  >
    <View
      style={
        {
          "alignItems": "center",
          "justifyContent": "center",
          "marginLeft": 8,
          "marginRight": 8,
          "position": "absolute",
        }
      }
    >
      <View
        style={
          {
            "backgroundColor": "#F9F9F960",
            "borderRadius": 17,
            "height": 34,
            "position": "absolute",
            "width": 34,
          }
        }
      />
      <Ionicons
        color="#595D58"
        name="md-airplane"
        size={22}
        style={
          {
            "marginHorizontal": 16,
          }
        }
      />
    </View>
    <View
      style={
        {
          "flex": 1,
          "marginLeft": 66,
        }
      }
    >
      <Text.Primary
        numberOfLines={1}
      >
        170 g of red meat
      </Text.Primary>
      <View
        style={
          {
            "flexDirection": "row",
            "marginVertical": 2,
          }
        }
      >
        <Text.Tertiary
          lightGray={true}
          numberOfLines={1}
        >
          <FormattedNumber
            maximumFractionDigits={2}
            value={2.1}
          />
           kg
          CO2eq
        </Text.Tertiary>
      </View>
    </View>
    <Ionicons
      color="#595D58"
      name="ios-chevron-forward-outline"
      size={18}
      style={
        {
          "marginHorizontal": 16,
        }
      }
    />
  </TouchableOpacity>
</GlobalizeProvider>
`;

exports[`EmissionListItem renders correctly with train icon 1`] = `
<GlobalizeProvider
  locale="en"
>
  <TouchableOpacity
    onPress={[Function]}
    style={
      {
        "alignItems": "center",
        "flex": 1,
        "flexDirection": "row",
        "justifyContent": "space-between",
        "marginVertical": 6,
      }
    }
  >
    <View
      style={
        {
          "alignItems": "center",
          "justifyContent": "center",
          "marginLeft": 8,
          "marginRight": 8,
          "position": "absolute",
        }
      }
    >
      <View
        style={
          {
            "backgroundColor": "#F9F9F960",
            "borderRadius": 17,
            "height": 34,
            "position": "absolute",
            "width": 34,
          }
        }
      />
      <Ionicons
        color="#595D58"
        name="md-train"
        size={22}
        style={
          {
            "marginHorizontal": 16,
          }
        }
      />
    </View>
    <View
      style={
        {
          "flex": 1,
          "marginLeft": 66,
        }
      }
    >
      <Text.Primary
        numberOfLines={1}
      >
        170 g of red meat
      </Text.Primary>
      <View
        style={
          {
            "flexDirection": "row",
            "marginVertical": 2,
          }
        }
      >
        <Text.Tertiary
          lightGray={true}
          numberOfLines={1}
        >
          <FormattedNumber
            maximumFractionDigits={2}
            value={2.1}
          />
           kg
          CO2eq
        </Text.Tertiary>
      </View>
    </View>
    <Ionicons
      color="#595D58"
      name="ios-chevron-forward-outline"
      size={18}
      style={
        {
          "marginHorizontal": 16,
        }
      }
    />
  </TouchableOpacity>
</GlobalizeProvider>
`;

exports[`EmissionListItem renders correctly with ultra hd video icon 1`] = `
<GlobalizeProvider
  locale="en"
>
  <TouchableOpacity
    onPress={[Function]}
    style={
      {
        "alignItems": "center",
        "flex": 1,
        "flexDirection": "row",
        "justifyContent": "space-between",
        "marginVertical": 6,
      }
    }
  >
    <View
      style={
        {
          "alignItems": "center",
          "justifyContent": "center",
          "marginLeft": 8,
          "marginRight": 8,
          "position": "absolute",
        }
      }
    >
      <View
        style={
          {
            "backgroundColor": "#F9F9F960",
            "borderRadius": 17,
            "height": 34,
            "position": "absolute",
            "width": 34,
          }
        }
      />
      <Ionicons
        color="#595D58"
        name="md-film"
        size={22}
        style={
          {
            "marginHorizontal": 16,
          }
        }
      />
    </View>
    <View
      style={
        {
          "flex": 1,
          "marginLeft": 66,
        }
      }
    >
      <Text.Primary
        numberOfLines={1}
      >
        170 g of red meat
      </Text.Primary>
      <View
        style={
          {
            "flexDirection": "row",
            "marginVertical": 2,
          }
        }
      >
        <Text.Tertiary
          lightGray={true}
          numberOfLines={1}
        >
          <FormattedNumber
            maximumFractionDigits={2}
            value={2.1}
          />
           kg
          CO2eq
        </Text.Tertiary>
      </View>
    </View>
    <Ionicons
      color="#595D58"
      name="ios-chevron-forward-outline"
      size={18}
      style={
        {
          "marginHorizontal": 16,
        }
      }
    />
  </TouchableOpacity>
</GlobalizeProvider>
`;

exports[`EmissionListItem renders correctly with whiteMeat icon 1`] = `
<GlobalizeProvider
  locale="en"
>
  <TouchableOpacity
    onPress={[Function]}
    style={
      {
        "alignItems": "center",
        "flex": 1,
        "flexDirection": "row",
        "justifyContent": "space-between",
        "marginVertical": 6,
      }
    }
  >
    <View
      style={
        {
          "alignItems": "center",
          "justifyContent": "center",
          "marginLeft": 8,
          "marginRight": 8,
          "position": "absolute",
        }
      }
    >
      <View
        style={
          {
            "backgroundColor": "#F9F9F960",
            "borderRadius": 17,
            "height": 34,
            "position": "absolute",
            "width": 34,
          }
        }
      />
      <Ionicons
        color="#595D58"
        name="md-nutrition"
        size={22}
        style={
          {
            "marginHorizontal": 16,
          }
        }
      />
    </View>
    <View
      style={
        {
          "flex": 1,
          "marginLeft": 66,
        }
      }
    >
      <Text.Primary
        numberOfLines={1}
      >
        170 g of red meat
      </Text.Primary>
      <View
        style={
          {
            "flexDirection": "row",
            "marginVertical": 2,
          }
        }
      >
        <Text.Tertiary
          lightGray={true}
          numberOfLines={1}
        >
          <FormattedNumber
            maximumFractionDigits={2}
            value={2.1}
          />
           kg
          CO2eq
        </Text.Tertiary>
      </View>
    </View>
    <Ionicons
      color="#595D58"
      name="ios-chevron-forward-outline"
      size={18}
      style={
        {
          "marginHorizontal": 16,
        }
      }
    />
  </TouchableOpacity>
</GlobalizeProvider>
`;
