// Jest Snapshot v1, https://goo.gl/fbAQLP

exports[`renders correctly TabbedView 1`] = `
Array [
  <View
    style={
      Object {
        "flexDirection": "row",
      }
    }
  >
    <View
      style={
        Object {
          "borderBottomColor": "#4BB377",
          "borderBottomWidth": 4,
          "flex": 1,
        }
      }
    >
      <TouchableOpacity
        onPress={[Function]}
        style={
          Object {
            "marginVertical": 10,
          }
        }
      >
        <Text.Primary
          center={true}
          green={true}
          lightGray={false}
        >
          Hello Tab 1
        </Text.Primary>
      </TouchableOpacity>
    </View>
    <View
      style={
        Object {
          "borderBottomColor": "#CED4DA",
          "borderBottomWidth": 4,
          "flex": 1,
        }
      }
    >
      <TouchableOpacity
        onPress={[Function]}
        style={
          Object {
            "marginVertical": 10,
          }
        }
      >
        <Text.Primary
          center={true}
          green={false}
          lightGray={true}
        >
          Hello Tab 1
        </Text.Primary>
      </TouchableOpacity>
    </View>
  </View>,
  <Text>
    Some details
  </Text>,
]
`;
