// Jest Snapshot v1, https://goo.gl/fbAQLP

exports[`AddEmissionScreen renders correctly 1`] = `
<GlobalizeProvider
  locale="en"
>
  <KeyboardAwareScrollView
    style={
      {
        "alignContent": "flex-start",
        "backgroundColor": "#FFFFFF",
        "flex": 1,
      }
    }
  >
    <View
      ref={null}
      style={
        {
          "backgroundColor": "#FFFFFF",
          "flex": 1,
          "paddingHorizontal": 16,
          "paddingVertical": 12,
        }
      }
    >
      <RCTText
        style={
          {
            "marginTop": 4,
            "textTransform": "capitalize",
          }
        }
      />
      <RCTText
        lightGray={true}
        style={
          {
            "marginTop": 4,
            "textTransform": "capitalize",
          }
        }
      >
        Custom
      </RCTText>
    </View>
    <TextInput
      isOptional={true}
      onChangeText={[Function]}
      placeholder="e.g burger, flight from Paris to Rome…"
      title="Name this emission "
      value=""
    />
    <DateTimePickerModal
      cancelTextIOS="Cancel"
      confirmTextIOS="Confirm"
      isDarkModeEnabled={false}
      isVisible={false}
      locale="en_GB"
      mode="date"
      onCancel={[Function]}
      onConfirm={[Function]}
    />
    <View
      ref={null}
      style={
        {
          "backgroundColor": "#FFFFFF",
          "flex": 1,
          "paddingHorizontal": 16,
          "paddingVertical": 12,
        }
      }
    >
      <RCTText>
        Date
      </RCTText>
      <View
        ref={null}
        style={
          {
            "flexDirection": "column",
            "paddingBottom": 4,
            "paddingTop": 10,
          }
        }
      >
        <TextButton
          iconLeft="calendar"
          onPress={[Function]}
          text="Sunday 7th April 2019"
        />
      </View>
    </View>
    <View
      ref={null}
      style={
        {
          "backgroundColor": "#FFFFFF",
          "flex": 1,
          "paddingHorizontal": 16,
          "paddingVertical": 12,
        }
      }
    >
      <RCTText>
        Periodicity
      </RCTText>
      <View
        ref={null}
        style={
          {
            "flexDirection": "column",
            "paddingBottom": 4,
            "paddingTop": 10,
          }
        }
      >
        <TextButton
          iconLeft="repeat"
          onPress={[Function]}
          text="Non-recurring"
        />
      </View>
    </View>
    <Button.Primary
      onPress={[Function]}
      style={
        {
          "margin": 16,
        }
      }
      text="Add this emission"
    />
  </KeyboardAwareScrollView>
</GlobalizeProvider>
`;
