// Jest Snapshot v1, https://goo.gl/fbAQLP

exports[`AddEmissionScreen renders correctly 1`] = `
<FormattedProvider
  locale="en"
>
  <RCTScrollView
    style={
      Object {
        "alignContent": "flex-start",
        "backgroundColor": "#FFFFFF",
        "flex": 1,
      }
    }
  >
    <View>
      <View
        style={
          Object {
            "paddingBottom": 24,
          }
        }
      >
        <View
          style={
            Object {
              "flex": 1,
              "paddingHorizontal": 14,
              "paddingVertical": 12,
            }
          }
        >
          <Text.H3>
            Emission type
          </Text.H3>
        </View>
        <RCTScrollView
          horizontal={true}
          style={
            Object {
              "flexDirection": "row",
              "paddingLeft": 14,
            }
          }
        >
          <View>
            <Tag
              icon="md-airplane"
              onPress={[Function]}
              selected={true}
              title="Transport"
            />
            <Tag
              icon="md-restaurant"
              onPress={[Function]}
              selected={false}
              title="Food"
            />
            <Tag
              icon="md-build"
              onPress={[Function]}
              selected={false}
              title="Custom"
            />
          </View>
        </RCTScrollView>
      </View>
      <View
        style={
          Object {
            "flex": 1,
            "paddingBottom": 12,
            "paddingHorizontal": 14,
          }
        }
      >
        <Text.H3>
          Transport type
        </Text.H3>
      </View>
      <RCTScrollView
        horizontal={true}
        style={
          Object {
            "paddingBottom": 12,
            "paddingLeft": 14,
          }
        }
      >
        <View>
          <Tag
            onPress={[Function]}
            selected={false}
            title="Train"
          />
          <Tag
            onPress={[Function]}
            selected={true}
            title="Car"
          />
          <Tag
            onPress={[Function]}
            selected={false}
            title="Bus"
          />
          <Tag
            onPress={[Function]}
            selected={false}
            title="Plane"
          />
          <Tag
            onPress={[Function]}
            selected={false}
            title="Boat"
          />
        </View>
      </RCTScrollView>
      <View
        style={
          Object {
            "flex": 1,
            "paddingHorizontal": 14,
            "paddingVertical": 12,
          }
        }
      >
        <Text.H3
          style={
            Object {
              "paddingBottom": 12,
            }
          }
        >
          Distance
        </Text.H3>
        <Text.Primary
          lightGray={true}
        >
          150 kilometer(s)
        </Text.Primary>
      </View>
      <RCTSlider
        disabled={false}
        enabled={true}
        maximumTrackTintColor="#CED4DA"
        maximumValue={1000}
        minimumTrackTintColor="#4BB377"
        minimumValue={2}
        onChange={null}
        onResponderTerminationRequest={[Function]}
        onSlidingComplete={[Function]}
        onStartShouldSetResponder={[Function]}
        onValueChange={null}
        step={0}
        style={
          Array [
            Object {
              "height": 40,
            },
            Object {
              "height": 40,
              "marginHorizontal": 24,
            },
          ]
        }
        thumbTintColor="#4BB377"
        value={150}
      />
      <View
        style={
          Object {
            "flex": 1,
            "paddingHorizontal": 14,
            "paddingVertical": 12,
          }
        }
      >
        <Text.H3
          style={
            Object {
              "paddingBottom": 12,
            }
          }
        >
          Total
        </Text.H3>
        <Text.H1
          green={true}
        >
          <FormattedNumber
            maximumFractionDigits={2}
            value={38.550000000000004}
          />
           
          <Text.Primary>
            kgCO2eq
          </Text.Primary>
        </Text.H1>
      </View>
      <Button.Primary
        onPress={[Function]}
        style={
          Object {
            "margin": 14,
          }
        }
        textType="Primary"
      >
        <Text.Primary
          bold={true}
          center={true}
          white={true}
        >
          Add this emission
        </Text.Primary>
      </Button.Primary>
    </View>
  </RCTScrollView>
</FormattedProvider>
`;
